To honour the JVM settings for this build a single-use Daemon process will be forked. For more on this, please refer to https://docs.gradle.org/9.7.0/userguide/gradle_daemon.html#sec:disabling_the_daemon in the Gradle documentation.
Daemon will be stopped at the end of the build
> Task :core:data:preBuild UP-TO-DATE
> Task :core:database:preBuild UP-TO-DATE
> Task :core:model:preBuild UP-TO-DATE
> Task :feature:camera:preBuild UP-TO-DATE
> Task :feature:auth:preBuild UP-TO-DATE
> Task :feature:identify:preBuild UP-TO-DATE
> Task :feature:home:preBuild UP-TO-DATE
> Task :core:designsystem:preBuild UP-TO-DATE
> Task :app:preBuild UP-TO-DATE
> Task :core:data:preDebugBuild UP-TO-DATE
> Task :feature:auth:preDebugBuild UP-TO-DATE
> Task :app:preDebugBuild UP-TO-DATE
> Task :core:designsystem:preDebugBuild UP-TO-DATE
> Task :core:database:preDebugBuild UP-TO-DATE
> Task :feature:camera:preDebugBuild UP-TO-DATE
> Task :feature:home:preDebugBuild UP-TO-DATE
> Task :core:model:preDebugBuild UP-TO-DATE
> Task :feature:identify:preDebugBuild UP-TO-DATE
> Task :app:mergeDebugNativeDebugMetadata NO-SOURCE
> Task :core:database:extractDebugSupportedLocales UP-TO-DATE
> Task :feature:camera:extractDebugSupportedLocales UP-TO-DATE
> Task :feature:home:extractDebugSupportedLocales UP-TO-DATE
> Task :feature:auth:extractDebugSupportedLocales UP-TO-DATE
> Task :core:data:extractDebugSupportedLocales UP-TO-DATE
> Task :app:generateDebugBuildConfig UP-TO-DATE
> Task :core:designsystem:extractDebugSupportedLocales UP-TO-DATE
> Task :feature:identify:extractDebugSupportedLocales UP-TO-DATE
> Task :core:model:extractDebugSupportedLocales UP-TO-DATE
> Task :core:designsystem:processDebugNavigationResources UP-TO-DATE
> Task :core:model:processDebugNavigationResources UP-TO-DATE
> Task :feature:auth:processDebugNavigationResources UP-TO-DATE
> Task :feature:identify:processDebugNavigationResources UP-TO-DATE
> Task :core:data:processDebugNavigationResources UP-TO-DATE
> Task :feature:home:processDebugNavigationResources UP-TO-DATE
> Task :feature:camera:processDebugNavigationResources UP-TO-DATE
> Task :core:database:processDebugNavigationResources UP-TO-DATE
> Task :core:designsystem:generateDebugResources UP-TO-DATE
> Task :core:model:generateDebugResources UP-TO-DATE
> Task :app:extractDebugSupportedLocales UP-TO-DATE
> Task :core:data:generateDebugResources UP-TO-DATE
> Task :feature:home:generateDebugResources UP-TO-DATE
> Task :feature:camera:generateDebugResources UP-TO-DATE
> Task :feature:identify:generateDebugResources UP-TO-DATE
> Task :core:database:generateDebugResources UP-TO-DATE
> Task :feature:auth:generateDebugBuildConfig UP-TO-DATE
> Task :app:mapDebugSourceSetPaths UP-TO-DATE
> Task :feature:auth:generateDebugResources UP-TO-DATE
> Task :feature:auth:javaPreCompileDebug UP-TO-DATE
> Task :feature:auth:generateDebugAssets UP-TO-DATE
> Task :feature:auth:mergeDebugAssets UP-TO-DATE
> Task :core:designsystem:packageDebugResources UP-TO-DATE
> Task :feature:home:packageDebugResources UP-TO-DATE
> Task :core:database:packageDebugResources UP-TO-DATE
> Task :feature:identify:packageDebugResources UP-TO-DATE
> Task :core:model:packageDebugResources UP-TO-DATE
> Task :core:data:packageDebugResources UP-TO-DATE
> Task :feature:camera:packageDebugResources UP-TO-DATE
> Task :feature:auth:packageDebugResources UP-TO-DATE
> Task :core:designsystem:parseDebugLocalResources UP-TO-DATE
> Task :core:model:parseDebugLocalResources UP-TO-DATE
> Task :core:data:parseDebugLocalResources UP-TO-DATE
> Task :feature:auth:parseDebugLocalResources UP-TO-DATE
> Task :core:database:parseDebugLocalResources UP-TO-DATE
> Task :feature:identify:parseDebugLocalResources UP-TO-DATE
> Task :feature:home:parseDebugLocalResources UP-TO-DATE
> Task :feature:camera:parseDebugLocalResources UP-TO-DATE
> Task :core:database:generateDebugRFile UP-TO-DATE
> Task :core:designsystem:generateDebugRFile UP-TO-DATE
> Task :core:model:generateDebugRFile UP-TO-DATE
> Task :feature:home:generateDebugRFile UP-TO-DATE
> Task :feature:auth:generateDebugRFile UP-TO-DATE
> Task :core:data:generateDebugRFile UP-TO-DATE
> Task :feature:camera:generateDebugRFile UP-TO-DATE
> Task :feature:identify:generateDebugRFile UP-TO-DATE
> Task :feature:home:javaPreCompileDebug UP-TO-DATE
> Task :feature:home:generateDebugAssets UP-TO-DATE
> Task :feature:auth:writeDebugAarMetadata UP-TO-DATE
> Task :feature:camera:javaPreCompileDebug UP-TO-DATE
> Task :feature:identify:javaPreCompileDebug UP-TO-DATE
> Task :core:data:javaPreCompileDebug UP-TO-DATE
> Task :feature:identify:generateDebugAssets UP-TO-DATE
> Task :core:data:generateDebugAssets UP-TO-DATE
> Task :feature:camera:generateDebugAssets UP-TO-DATE
> Task :core:data:mergeDebugAssets UP-TO-DATE
> Task :feature:camera:mergeDebugAssets UP-TO-DATE
> Task :feature:home:mergeDebugAssets UP-TO-DATE
> Task :feature:auth:extractDeepLinksDebug UP-TO-DATE
> Task :feature:identify:mergeDebugAssets UP-TO-DATE
> Task :core:data:writeDebugAarMetadata UP-TO-DATE
> Task :feature:camera:writeDebugAarMetadata UP-TO-DATE
> Task :feature:home:writeDebugAarMetadata UP-TO-DATE
> Task :feature:identify:writeDebugAarMetadata UP-TO-DATE
> Task :core:data:extractDeepLinksDebug UP-TO-DATE
> Task :feature:identify:extractDeepLinksDebug UP-TO-DATE
> Task :feature:camera:extractDeepLinksDebug UP-TO-DATE
> Task :feature:home:extractDeepLinksDebug UP-TO-DATE
> Task :core:data:processDebugManifest UP-TO-DATE
> Task :feature:home:processDebugManifest UP-TO-DATE
> Task :feature:identify:processDebugManifest UP-TO-DATE
> Task :feature:camera:processDebugManifest UP-TO-DATE
> Task :feature:auth:processDebugManifest UP-TO-DATE
> Task :feature:auth:mapDebugSourceSetPaths UP-TO-DATE
> Task :core:data:mapDebugSourceSetPaths UP-TO-DATE
> Task :feature:camera:mapDebugSourceSetPaths UP-TO-DATE
> Task :feature:home:mapDebugSourceSetPaths UP-TO-DATE
> Task :feature:identify:mapDebugSourceSetPaths UP-TO-DATE
> Task :feature:auth:compileDebugLibraryResources UP-TO-DATE
> Task :feature:identify:compileDebugLibraryResources UP-TO-DATE
> Task :feature:camera:compileDebugLibraryResources UP-TO-DATE
> Task :feature:home:compileDebugLibraryResources UP-TO-DATE
> Task :core:data:compileDebugLibraryResources UP-TO-DATE
> Task :core:database:javaPreCompileDebug UP-TO-DATE
> Task :core:database:generateDebugAssets UP-TO-DATE
> Task :core:database:mergeDebugAssets UP-TO-DATE
> Task :core:database:writeDebugAarMetadata UP-TO-DATE
> Task :core:database:extractDeepLinksDebug UP-TO-DATE
> Task :core:database:processDebugManifest UP-TO-DATE
> Task :core:database:mapDebugSourceSetPaths UP-TO-DATE
> Task :core:database:compileDebugLibraryResources UP-TO-DATE
> Task :core:data:mergeDebugJniLibFolders
> Task :feature:camera:mergeDebugJniLibFolders
> Task :feature:home:mergeDebugJniLibFolders
> Task :core:database:mergeDebugJniLibFolders
> Task :feature:auth:mergeDebugJniLibFolders
> Task :feature:identify:mergeDebugJniLibFolders
> Task :feature:home:mergeDebugNativeLibs NO-SOURCE
> Task :core:model:compileDebugKotlin UP-TO-DATE
> Task :core:database:mergeDebugNativeLibs NO-SOURCE
> Task :feature:identify:mergeDebugNativeLibs NO-SOURCE
> Task :core:data:mergeDebugNativeLibs NO-SOURCE
> Task :feature:auth:mergeDebugNativeLibs NO-SOURCE
> Task :feature:camera:mergeDebugNativeLibs NO-SOURCE
> Task :core:model:javaPreCompileDebug UP-TO-DATE
> Task :core:data:preReleaseBuild UP-TO-DATE
> Task :core:model:compileDebugJavaWithJavac NO-SOURCE
> Task :core:data:mergeReleaseJniLibFolders UP-TO-DATE
> Task :core:model:bundleLibCompileToJarDebug UP-TO-DATE
> Task :feature:auth:copyDebugJniLibsProjectOnly
> Task :feature:identify:copyDebugJniLibsProjectOnly
> Task :core:database:copyDebugJniLibsProjectOnly
> Task :core:model:generateDebugAssets UP-TO-DATE
> Task :feature:auth:preReleaseBuild UP-TO-DATE
> Task :feature:camera:copyDebugJniLibsProjectOnly
> Task :feature:camera:preReleaseBuild UP-TO-DATE
> Task :feature:home:preReleaseBuild UP-TO-DATE
> Task :core:data:copyDebugJniLibsProjectOnly
> Task :feature:identify:preReleaseBuild UP-TO-DATE
> Task :core:model:mergeDebugAssets UP-TO-DATE
> Task :feature:home:copyDebugJniLibsProjectOnly
> Task :feature:auth:mergeReleaseJniLibFolders UP-TO-DATE
> Task :feature:camera:mergeReleaseJniLibFolders UP-TO-DATE
> Task :feature:home:mergeReleaseJniLibFolders UP-TO-DATE
> Task :feature:identify:mergeReleaseJniLibFolders UP-TO-DATE
> Task :core:model:processDebugJavaRes UP-TO-DATE
> Task :core:data:mergeReleaseNativeLibs NO-SOURCE
> Task :feature:auth:mergeReleaseNativeLibs NO-SOURCE
> Task :feature:camera:mergeReleaseNativeLibs NO-SOURCE
> Task :core:data:copyReleaseJniLibsProjectOnly UP-TO-DATE
> Task :feature:home:mergeReleaseNativeLibs NO-SOURCE
> Task :feature:identify:mergeReleaseNativeLibs NO-SOURCE
> Task :feature:auth:copyReleaseJniLibsProjectOnly UP-TO-DATE
> Task :feature:camera:copyReleaseJniLibsProjectOnly UP-TO-DATE
> Task :feature:home:copyReleaseJniLibsProjectOnly UP-TO-DATE
> Task :feature:identify:copyReleaseJniLibsProjectOnly UP-TO-DATE
> Task :core:model:writeDebugAarMetadata UP-TO-DATE
> Task :core:data:generateReleaseResources UP-TO-DATE
> Task :feature:auth:generateReleaseBuildConfig UP-TO-DATE
> Task :feature:camera:generateReleaseResources UP-TO-DATE
> Task :feature:home:generateReleaseResources UP-TO-DATE
> Task :feature:identify:generateReleaseResources UP-TO-DATE
> Task :core:model:extractDeepLinksDebug UP-TO-DATE
> Task :feature:auth:generateReleaseResources UP-TO-DATE
> Task :core:data:packageReleaseResources UP-TO-DATE
> Task :core:data:processReleaseNavigationResources UP-TO-DATE
> Task :feature:camera:packageReleaseResources UP-TO-DATE
> Task :feature:camera:processReleaseNavigationResources UP-TO-DATE
> Task :feature:home:packageReleaseResources UP-TO-DATE
> Task :core:model:processDebugManifest UP-TO-DATE
> Task :feature:auth:packageReleaseResources UP-TO-DATE
> Task :feature:identify:packageReleaseResources UP-TO-DATE
> Task :feature:identify:processReleaseNavigationResources UP-TO-DATE
> Task :feature:auth:processReleaseNavigationResources UP-TO-DATE
> Task :feature:home:processReleaseNavigationResources UP-TO-DATE
> Task :feature:camera:parseReleaseLocalResources UP-TO-DATE
> Task :core:model:mapDebugSourceSetPaths UP-TO-DATE
> Task :feature:home:parseReleaseLocalResources UP-TO-DATE
> Task :feature:auth:parseReleaseLocalResources UP-TO-DATE
> Task :core:model:compileDebugLibraryResources UP-TO-DATE
> Task :feature:camera:generateReleaseRFile UP-TO-DATE
> Task :core:data:parseReleaseLocalResources UP-TO-DATE
> Task :feature:home:generateReleaseRFile UP-TO-DATE
> Task :feature:auth:generateReleaseRFile UP-TO-DATE
> Task :core:model:mergeDebugJniLibFolders
> Task :feature:identify:parseReleaseLocalResources UP-TO-DATE
> Task :feature:camera:javaPreCompileRelease UP-TO-DATE
> Task :feature:home:javaPreCompileRelease UP-TO-DATE
> Task :feature:auth:javaPreCompileRelease UP-TO-DATE
> Task :feature:home:extractReleaseSupportedLocales UP-TO-DATE
> Task :feature:camera:extractReleaseSupportedLocales UP-TO-DATE
> Task :core:model:mergeDebugNativeLibs NO-SOURCE
> Task :feature:home:prepareReleaseArtProfile UP-TO-DATE
> Task :feature:auth:extractReleaseSupportedLocales UP-TO-DATE
> Task :feature:camera:prepareReleaseArtProfile UP-TO-DATE
> Task :feature:identify:generateReleaseRFile UP-TO-DATE
> Task :core:data:generateReleaseRFile UP-TO-DATE
> Task :feature:auth:prepareReleaseArtProfile UP-TO-DATE
> Task :feature:camera:writeReleaseAarMetadata UP-TO-DATE
> Task :core:model:preReleaseBuild UP-TO-DATE
> Task :feature:identify:javaPreCompileRelease UP-TO-DATE
> Task :core:data:javaPreCompileRelease UP-TO-DATE
> Task :feature:home:writeReleaseAarMetadata UP-TO-DATE
> Task :feature:auth:writeReleaseAarMetadata UP-TO-DATE
> Task :core:model:mergeReleaseJniLibFolders UP-TO-DATE
> Task :core:data:extractReleaseSupportedLocales UP-TO-DATE
> Task :feature:camera:extractDeepLinksRelease UP-TO-DATE
> Task :feature:identify:extractReleaseSupportedLocales UP-TO-DATE
> Task :core:data:prepareReleaseArtProfile UP-TO-DATE
> Task :core:model:mergeReleaseNativeLibs NO-SOURCE
> Task :feature:identify:prepareReleaseArtProfile UP-TO-DATE
> Task :core:data:writeReleaseAarMetadata UP-TO-DATE
> Task :feature:auth:extractDeepLinksRelease UP-TO-DATE
> Task :core:model:copyReleaseJniLibsProjectOnly UP-TO-DATE
> Task :core:data:extractDeepLinksRelease UP-TO-DATE
> Task :feature:identify:writeReleaseAarMetadata UP-TO-DATE
> Task :core:model:generateReleaseResources UP-TO-DATE
> Task :feature:camera:processReleaseManifest UP-TO-DATE
> Task :feature:home:extractDeepLinksRelease UP-TO-DATE
> Task :feature:auth:processReleaseManifest UP-TO-DATE
> Task :core:model:copyDebugJniLibsProjectOnly
> Task :feature:auth:mapReleaseSourceSetPaths UP-TO-DATE
> Task :feature:auth:compileReleaseLibraryResources UP-TO-DATE
> Task :feature:identify:extractDeepLinksRelease UP-TO-DATE
> Task :feature:auth:generateReleaseAssets UP-TO-DATE
> Task :core:model:packageReleaseResources UP-TO-DATE
> Task :feature:camera:mapReleaseSourceSetPaths UP-TO-DATE
> Task :core:model:processReleaseNavigationResources UP-TO-DATE
> Task :core:data:processReleaseManifest UP-TO-DATE
> Task :feature:camera:compileReleaseLibraryResources UP-TO-DATE
> Task :feature:home:processReleaseManifest UP-TO-DATE
> Task :feature:camera:generateReleaseAssets UP-TO-DATE
> Task :feature:camera:mergeReleaseAssets UP-TO-DATE
> Task :core:model:parseReleaseLocalResources UP-TO-DATE
> Task :feature:home:mapReleaseSourceSetPaths UP-TO-DATE
> Task :feature:camera:extractProguardFiles UP-TO-DATE
> Task :core:model:generateReleaseRFile UP-TO-DATE
> Task :feature:identify:processReleaseManifest UP-TO-DATE
> Task :feature:camera:prepareLintJarForPublish UP-TO-DATE
> Task :feature:identify:mapReleaseSourceSetPaths UP-TO-DATE
> Task :feature:camera:extractDeepLinksForAarRelease UP-TO-DATE
> Task :feature:identify:compileReleaseLibraryResources UP-TO-DATE
> Task :feature:identify:generateReleaseAssets UP-TO-DATE
> Task :feature:camera:writeReleaseLintModelMetadata UP-TO-DATE
> Task :feature:home:compileReleaseLibraryResources UP-TO-DATE
> Task :feature:home:generateReleaseAssets UP-TO-DATE
> Task :feature:identify:mergeReleaseAssets UP-TO-DATE
> Task :feature:auth:mergeReleaseAssets UP-TO-DATE
> Task :feature:identify:extractProguardFiles UP-TO-DATE
> Task :core:data:mapReleaseSourceSetPaths UP-TO-DATE
> Task :feature:home:mergeReleaseAssets UP-TO-DATE
> Task :feature:identify:prepareLintJarForPublish UP-TO-DATE
> Task :feature:identify:extractDeepLinksForAarRelease UP-TO-DATE
> Task :feature:home:extractProguardFiles UP-TO-DATE
> Task :feature:home:prepareLintJarForPublish UP-TO-DATE
> Task :feature:identify:writeReleaseLintModelMetadata UP-TO-DATE
> Task :feature:home:extractDeepLinksForAarRelease UP-TO-DATE
> Task :feature:home:writeReleaseLintModelMetadata UP-TO-DATE
> Task :feature:auth:extractProguardFiles UP-TO-DATE
> Task :core:data:compileReleaseLibraryResources UP-TO-DATE
> Task :core:data:generateReleaseAssets UP-TO-DATE
> Task :feature:auth:prepareLintJarForPublish UP-TO-DATE
> Task :core:data:mergeReleaseAssets UP-TO-DATE
> Task :feature:auth:extractDeepLinksForAarRelease UP-TO-DATE
> Task :feature:auth:writeReleaseLintModelMetadata UP-TO-DATE
> Task :core:data:extractProguardFiles UP-TO-DATE
> Task :core:data:prepareLintJarForPublish UP-TO-DATE
> Task :core:data:extractDeepLinksForAarRelease UP-TO-DATE
> Task :core:data:writeReleaseLintModelMetadata UP-TO-DATE
> Task :core:database:kspDebugKotlin UP-TO-DATE
> Task :core:model:bundleLibRuntimeToDirDebug
> Task :core:model:compileReleaseKotlin UP-TO-DATE
> Task :core:model:javaPreCompileRelease UP-TO-DATE
> Task :core:model:compileReleaseJavaWithJavac NO-SOURCE
> Task :core:model:bundleLibCompileToJarRelease UP-TO-DATE
> Task :core:model:mergeReleaseGeneratedProguardFiles UP-TO-DATE
> Task :core:model:exportReleaseConsumerProguardFiles UP-TO-DATE
> Task :core:designsystem:compileDebugKotlin UP-TO-DATE
> Task :core:model:extractReleaseSupportedLocales UP-TO-DATE
> Task :core:model:prepareReleaseArtProfile UP-TO-DATE
> Task :core:designsystem:javaPreCompileDebug UP-TO-DATE
> Task :core:model:writeReleaseAarMetadata UP-TO-DATE
> Task :core:designsystem:compileDebugJavaWithJavac NO-SOURCE
> Task :core:model:extractDeepLinksRelease UP-TO-DATE
> Task :core:designsystem:bundleLibCompileToJarDebug UP-TO-DATE
> Task :core:designsystem:generateDebugAssets UP-TO-DATE
> Task :core:model:processReleaseManifest UP-TO-DATE
> Task :core:designsystem:mergeDebugAssets UP-TO-DATE
> Task :app:generateDebugLocaleConfig UP-TO-DATE
> Task :core:model:mapReleaseSourceSetPaths UP-TO-DATE
> Task :app:generateDebugResources UP-TO-DATE
> Task :core:model:compileReleaseLibraryResources UP-TO-DATE
> Task :core:designsystem:processDebugJavaRes UP-TO-DATE
> Task :core:model:bundleLibRuntimeToJarRelease UP-TO-DATE
> Task :app:packageDebugResources UP-TO-DATE
> Task :core:model:processReleaseJavaRes UP-TO-DATE
> Task :core:model:generateReleaseAssets UP-TO-DATE
> Task :core:designsystem:writeDebugAarMetadata UP-TO-DATE
> Task :core:model:mergeReleaseAssets UP-TO-DATE
> Task :core:designsystem:extractDeepLinksDebug UP-TO-DATE
> Task :core:model:createFullJarRelease UP-TO-DATE
> Task :core:model:extractProguardFiles UP-TO-DATE
> Task :core:database:compileDebugKotlin UP-TO-DATE
> Task :core:database:compileDebugJavaWithJavac NO-SOURCE
> Task :core:designsystem:processDebugManifest UP-TO-DATE
> Task :core:database:bundleLibCompileToJarDebug UP-TO-DATE
> Task :core:designsystem:mapDebugSourceSetPaths UP-TO-DATE
> Task :core:database:processDebugJavaRes UP-TO-DATE
> Task :core:designsystem:bundleLibRuntimeToDirDebug
> Task :core:designsystem:compileDebugLibraryResources UP-TO-DATE
> Task :core:model:generateReleaseLintModel UP-TO-DATE
> Task :core:database:preReleaseBuild UP-TO-DATE
> Task :core:database:mergeReleaseJniLibFolders UP-TO-DATE
> Task :core:database:mergeReleaseNativeLibs NO-SOURCE
> Task :core:database:copyReleaseJniLibsProjectOnly UP-TO-DATE
> Task :core:database:generateReleaseResources UP-TO-DATE
> Task :core:database:packageReleaseResources UP-TO-DATE
> Task :core:database:processReleaseNavigationResources UP-TO-DATE
> Task :core:database:parseReleaseLocalResources UP-TO-DATE
> Task :core:database:generateReleaseRFile UP-TO-DATE
> Task :core:designsystem:mergeDebugJniLibFolders
> Task :core:designsystem:mergeDebugNativeLibs NO-SOURCE
> Task :core:database:kspReleaseKotlin UP-TO-DATE
> Task :core:database:bundleLibRuntimeToDirDebug
> Task :core:model:prepareLintJarForPublish UP-TO-DATE
> Task :core:designsystem:preReleaseBuild UP-TO-DATE
> Task :core:designsystem:mergeReleaseJniLibFolders UP-TO-DATE
> Task :core:designsystem:mergeReleaseNativeLibs NO-SOURCE
> Task :core:designsystem:copyReleaseJniLibsProjectOnly UP-TO-DATE
> Task :core:database:compileReleaseKotlin UP-TO-DATE
> Task :core:database:javaPreCompileRelease UP-TO-DATE
> Task :core:database:compileReleaseJavaWithJavac NO-SOURCE
> Task :core:database:bundleLibCompileToJarRelease UP-TO-DATE
> Task :feature:home:compileDebugKotlin UP-TO-DATE
> Task :core:designsystem:generateReleaseResources UP-TO-DATE
> Task :feature:home:compileDebugJavaWithJavac NO-SOURCE
> Task :core:designsystem:packageReleaseResources UP-TO-DATE
> Task :core:designsystem:processReleaseNavigationResources UP-TO-DATE
> Task :feature:home:bundleLibCompileToJarDebug UP-TO-DATE
> Task :core:designsystem:parseReleaseLocalResources UP-TO-DATE
> Task :feature:home:processDebugJavaRes UP-TO-DATE
> Task :core:designsystem:generateReleaseRFile UP-TO-DATE
> Task :core:designsystem:copyDebugJniLibsProjectOnly
> Task :core:database:mergeReleaseGeneratedProguardFiles UP-TO-DATE
> Task :core:database:exportReleaseConsumerProguardFiles UP-TO-DATE
> Task :core:database:extractReleaseSupportedLocales UP-TO-DATE
> Task :core:database:prepareReleaseArtProfile UP-TO-DATE
> Task :core:database:writeReleaseAarMetadata UP-TO-DATE
> Task :core:database:extractDeepLinksRelease UP-TO-DATE
> Task :core:database:processReleaseManifest UP-TO-DATE
> Task :core:database:mapReleaseSourceSetPaths UP-TO-DATE
> Task :core:database:compileReleaseLibraryResources UP-TO-DATE
> Task :core:database:bundleLibRuntimeToJarRelease UP-TO-DATE
> Task :core:database:processReleaseJavaRes UP-TO-DATE
> Task :core:database:generateReleaseAssets UP-TO-DATE
> Task :core:database:mergeReleaseAssets UP-TO-DATE
> Task :feature:camera:compileDebugKotlin UP-TO-DATE
> Task :core:database:createFullJarRelease UP-TO-DATE
> Task :feature:camera:compileDebugJavaWithJavac NO-SOURCE
> Task :core:database:extractProguardFiles UP-TO-DATE
> Task :feature:camera:bundleLibCompileToJarDebug UP-TO-DATE
> Task :core:designsystem:compileReleaseKotlin UP-TO-DATE
> Task :core:designsystem:javaPreCompileRelease UP-TO-DATE
> Task :feature:camera:processDebugJavaRes UP-TO-DATE
> Task :core:designsystem:compileReleaseJavaWithJavac NO-SOURCE
> Task :core:designsystem:bundleLibCompileToJarRelease UP-TO-DATE
> Task :core:data:compileDebugKotlin UP-TO-DATE
> Task :core:data:compileDebugJavaWithJavac NO-SOURCE
> Task :core:data:bundleLibCompileToJarDebug UP-TO-DATE
> Task :feature:identify:compileDebugKotlin UP-TO-DATE
> Task :feature:home:bundleLibRuntimeToDirDebug
> Task :feature:identify:compileDebugJavaWithJavac NO-SOURCE
> Task :feature:identify:bundleLibCompileToJarDebug UP-TO-DATE
> Task :feature:identify:processDebugJavaRes UP-TO-DATE
> Task :core:data:processDebugJavaRes UP-TO-DATE
> Task :feature:home:compileReleaseKotlin UP-TO-DATE
> Task :core:data:bundleLibRuntimeToDirDebug
> Task :feature:identify:bundleLibRuntimeToDirDebug
> Task :core:database:generateReleaseLintModel UP-TO-DATE
> Task :feature:camera:bundleLibRuntimeToDirDebug
> Task :core:data:compileReleaseKotlin UP-TO-DATE
> Task :core:data:compileReleaseJavaWithJavac NO-SOURCE
> Task :core:data:bundleLibCompileToJarRelease UP-TO-DATE
> Task :feature:auth:compileDebugKotlin UP-TO-DATE
> Task :feature:auth:compileDebugJavaWithJavac UP-TO-DATE
> Task :feature:auth:bundleLibCompileToJarDebug UP-TO-DATE
> Task :feature:auth:processDebugJavaRes UP-TO-DATE
> Task :feature:camera:compileReleaseKotlin FROM-CACHE
> Task :app:processDebugNavigationResources UP-TO-DATE
> Task :app:parseDebugLocalResources UP-TO-DATE
> Task :app:generateDebugRFile UP-TO-DATE
> Task :feature:auth:bundleLibRuntimeToDirDebug
> Task :feature:camera:compileReleaseJavaWithJavac NO-SOURCE
> Task :feature:camera:mergeReleaseGeneratedProguardFiles UP-TO-DATE
> Task :feature:camera:exportReleaseConsumerProguardFiles UP-TO-DATE
> Task :feature:home:compileReleaseJavaWithJavac NO-SOURCE
> Task :feature:home:mergeReleaseGeneratedProguardFiles UP-TO-DATE
> Task :feature:home:exportReleaseConsumerProguardFiles UP-TO-DATE
> Task :feature:auth:compileReleaseKotlin UP-TO-DATE
> Task :feature:identify:compileReleaseKotlin FROM-CACHE
> Task :feature:auth:compileReleaseJavaWithJavac UP-TO-DATE
> Task :feature:auth:mergeReleaseGeneratedProguardFiles UP-TO-DATE
> Task :feature:auth:exportReleaseConsumerProguardFiles UP-TO-DATE
> Task :feature:identify:compileReleaseJavaWithJavac NO-SOURCE
> Task :feature:identify:mergeReleaseGeneratedProguardFiles UP-TO-DATE
> Task :feature:identify:exportReleaseConsumerProguardFiles UP-TO-DATE
> Task :core:designsystem:mergeReleaseGeneratedProguardFiles UP-TO-DATE
> Task :core:designsystem:exportReleaseConsumerProguardFiles UP-TO-DATE
> Task :core:data:mergeReleaseGeneratedProguardFiles UP-TO-DATE
> Task :core:data:exportReleaseConsumerProguardFiles UP-TO-DATE
> Task :core:designsystem:extractReleaseSupportedLocales UP-TO-DATE
> Task :feature:auth:bundleLibCompileToJarRelease UP-TO-DATE
> Task :feature:camera:bundleLibCompileToJarRelease
> Task :feature:home:bundleLibCompileToJarRelease UP-TO-DATE
> Task :feature:identify:bundleLibCompileToJarRelease
> Task :core:designsystem:prepareReleaseArtProfile UP-TO-DATE
> Task :core:designsystem:writeReleaseAarMetadata UP-TO-DATE
> Task :core:designsystem:extractDeepLinksRelease UP-TO-DATE
> Task :core:designsystem:processReleaseManifest UP-TO-DATE
> Task :core:designsystem:mapReleaseSourceSetPaths UP-TO-DATE
> Task :core:designsystem:compileReleaseLibraryResources UP-TO-DATE
> Task :core:data:bundleLibRuntimeToJarRelease UP-TO-DATE
> Task :core:designsystem:bundleLibRuntimeToJarRelease UP-TO-DATE
> Task :feature:auth:bundleLibRuntimeToJarRelease UP-TO-DATE
> Task :feature:camera:bundleLibRuntimeToJarRelease
> Task :feature:home:bundleLibRuntimeToJarRelease UP-TO-DATE
> Task :feature:identify:bundleLibRuntimeToJarRelease
> Task :core:data:processReleaseJavaRes UP-TO-DATE
> Task :core:designsystem:processReleaseJavaRes UP-TO-DATE
> Task :feature:auth:processReleaseJavaRes UP-TO-DATE
> Task :feature:camera:processReleaseJavaRes UP-TO-DATE
> Task :feature:home:processReleaseJavaRes UP-TO-DATE
> Task :feature:identify:processReleaseJavaRes UP-TO-DATE
> Task :core:designsystem:generateReleaseAssets UP-TO-DATE
> Task :core:designsystem:mergeReleaseAssets UP-TO-DATE
> Task :core:data:createFullJarRelease UP-TO-DATE
> Task :core:database:prepareLintJarForPublish UP-TO-DATE
> Task :core:data:generateReleaseLintModel UP-TO-DATE
> Task :core:designsystem:createFullJarRelease UP-TO-DATE
> Task :core:designsystem:extractProguardFiles UP-TO-DATE
> Task :core:designsystem:generateReleaseLintModel UP-TO-DATE
> Task :app:javaPreCompileDebug UP-TO-DATE
> Task :app:generateDebugAssets UP-TO-DATE
> Task :app:mergeDebugAssets UP-TO-DATE
> Task :app:compressDebugAssets
> Task :core:designsystem:prepareLintJarForPublish UP-TO-DATE
> Task :feature:auth:createFullJarRelease UP-TO-DATE
> Task :feature:home:createFullJarRelease UP-TO-DATE
> Task :feature:camera:createFullJarRelease
> Task :feature:identify:createFullJarRelease
> Task :core:designsystem:checkReleaseAarMetadata UP-TO-DATE
> Task :core:designsystem:extractDeepLinksForAarRelease UP-TO-DATE
> Task :core:data:checkReleaseAarMetadata UP-TO-DATE
> Task :core:designsystem:extractReleaseAnnotations UP-TO-DATE
> Task :core:designsystem:mergeReleaseConsumerProguardFiles UP-TO-DATE
> Task :core:designsystem:mergeReleaseJavaResource UP-TO-DATE
> Task :feature:home:generateReleaseLintModel UP-TO-DATE
> Task :core:designsystem:syncReleaseLibJars UP-TO-DATE
> Task :core:designsystem:bundleReleaseLocalLintAar UP-TO-DATE
> Task :core:database:checkReleaseAarMetadata UP-TO-DATE
> Task :core:data:extractReleaseAnnotations UP-TO-DATE
> Task :core:database:extractDeepLinksForAarRelease UP-TO-DATE
> Task :core:data:mergeReleaseConsumerProguardFiles UP-TO-DATE
> Task :core:data:mergeReleaseJavaResource UP-TO-DATE
> Task :core:data:syncReleaseLibJars UP-TO-DATE
> Task :core:data:bundleReleaseLocalLintAar UP-TO-DATE
> Task :feature:home:checkReleaseAarMetadata UP-TO-DATE
> Task :core:model:checkReleaseAarMetadata UP-TO-DATE
> Task :core:model:extractDeepLinksForAarRelease UP-TO-DATE
> Task :core:database:extractReleaseAnnotations UP-TO-DATE
> Task :feature:home:extractReleaseAnnotations UP-TO-DATE
> Task :core:database:mergeReleaseConsumerProguardFiles UP-TO-DATE
> Task :core:model:extractReleaseAnnotations UP-TO-DATE
> Task :feature:home:mergeReleaseConsumerProguardFiles UP-TO-DATE
> Task :core:model:mergeReleaseConsumerProguardFiles UP-TO-DATE
> Task :feature:home:mergeReleaseJavaResource UP-TO-DATE
> Task :core:database:mergeReleaseJavaResource UP-TO-DATE
> Task :core:model:mergeReleaseJavaResource UP-TO-DATE
> Task :feature:home:syncReleaseLibJars UP-TO-DATE
> Task :core:model:syncReleaseLibJars UP-TO-DATE
> Task :core:database:syncReleaseLibJars UP-TO-DATE
> Task :feature:home:bundleReleaseLocalLintAar UP-TO-DATE
> Task :core:model:bundleReleaseLocalLintAar UP-TO-DATE
> Task :core:database:bundleReleaseLocalLintAar UP-TO-DATE
> Task :core:model:writeReleaseLintModelMetadata UP-TO-DATE
> Task :core:database:writeReleaseLintModelMetadata UP-TO-DATE
> Task :core:database:lintVitalAnalyzeRelease UP-TO-DATE
> Task :core:model:lintVitalAnalyzeRelease UP-TO-DATE
> Task :core:database:generateReleaseLintVitalModel UP-TO-DATE
> Task :core:data:lintVitalAnalyzeRelease UP-TO-DATE
> Task :feature:auth:generateReleaseLintModel UP-TO-DATE
> Task :core:model:generateReleaseLintVitalModel UP-TO-DATE
> Task :core:data:generateReleaseLintVitalModel UP-TO-DATE
> Task :feature:home:generateReleaseLintVitalModel UP-TO-DATE
> Task :core:designsystem:lintVitalAnalyzeRelease UP-TO-DATE
> Task :core:designsystem:writeReleaseLintModelMetadata UP-TO-DATE
> Task :core:designsystem:generateReleaseLintVitalModel UP-TO-DATE
> Task :feature:auth:checkReleaseAarMetadata UP-TO-DATE
> Task :feature:home:lintVitalAnalyzeRelease UP-TO-DATE
> Task :feature:auth:extractReleaseAnnotations UP-TO-DATE
> Task :feature:identify:generateReleaseLintModel
> Task :feature:camera:generateReleaseLintModel
> Task :feature:auth:mergeReleaseConsumerProguardFiles UP-TO-DATE
> Task :feature:identify:checkReleaseAarMetadata UP-TO-DATE
> Task :feature:camera:checkReleaseAarMetadata UP-TO-DATE
> Task :feature:auth:mergeReleaseJavaResource UP-TO-DATE
> Task :feature:auth:syncReleaseLibJars UP-TO-DATE
> Task :feature:auth:bundleReleaseLocalLintAar UP-TO-DATE
> Task :feature:camera:extractReleaseAnnotations
> Task :feature:identify:extractReleaseAnnotations
> Task :feature:camera:mergeReleaseConsumerProguardFiles UP-TO-DATE
> Task :feature:identify:mergeReleaseConsumerProguardFiles UP-TO-DATE
> Task :feature:camera:mergeReleaseJavaResource UP-TO-DATE
> Task :feature:auth:lintVitalAnalyzeRelease UP-TO-DATE
> Task :feature:identify:mergeReleaseJavaResource UP-TO-DATE
> Task :feature:auth:generateReleaseLintVitalModel UP-TO-DATE
> Task :feature:identify:syncReleaseLibJars
> Task :feature:camera:syncReleaseLibJars
> Task :feature:identify:bundleReleaseLocalLintAar
> Task :feature:camera:bundleReleaseLocalLintAar
> Task :feature:camera:generateReleaseLintVitalModel
> Task :feature:identify:generateReleaseLintVitalModel
> Task :app:generateDebugGlobalSynthetics
> Task :app:compileDebugKotlin
> Task :app:checkDebugDuplicateClasses
> Task :app:compileDebugJavaWithJavac UP-TO-DATE
> Task :app:processDebugJavaRes UP-TO-DATE
> Task :app:desugarDebugFileDependencies
> Task :app:mergeDebugJavaResource
> Task :feature:identify:lintVitalAnalyzeRelease
> Task :feature:camera:lintVitalAnalyzeRelease
> Task :app:checkDebugAarMetadata UP-TO-DATE
> Task :app:compileDebugNavigationResources UP-TO-DATE
> Task :app:mergeLibDexDebug
> Task :app:mergeDebugResources UP-TO-DATE
> Task :app:createDebugCompatibleScreenManifests UP-TO-DATE
> Task :app:extractDeepLinksDebug UP-TO-DATE
> Task :app:processDebugMainManifest UP-TO-DATE
> Task :app:processDebugManifest UP-TO-DATE
> Task :app:processDebugManifestForPackage UP-TO-DATE
> Task :app:processDebugResources UP-TO-DATE
> Task :app:dexBuilderDebug
> Task :app:mergeDebugJniLibFolders
> Task :app:mergeProjectDexDebug
> Task :app:mergeDebugNativeLibs
> Task :app:validateSigningDebug
> Task :app:writeDebugAppMetadata
> Task :app:writeDebugSigningConfigVersions
> Task :app:validateReleaseAuthConfiguration

> Task :app:stripDebugDebugSymbols
Unable to strip the following libraries, packaging them as they are: libandroidx.graphics.path.so, libdatastore_shared_counter.so, libimage_processing_util_jni.so, libsurface_util_jni.so. Run with --info option to learn more.

> Task :app:validateReleaseSigningConfiguration
> Task :app:validateReleaseConfiguration
> Task :app:preReleaseBuild
> Task :app:mergeReleaseJniLibFolders UP-TO-DATE
> Task :app:mergeReleaseNativeLibs UP-TO-DATE
> Task :app:stripReleaseDebugSymbols UP-TO-DATE
> Task :app:extractReleaseNativeSymbolTables UP-TO-DATE
> Task :app:mergeReleaseNativeDebugMetadata NO-SOURCE
> Task :app:checkReleaseDuplicateClasses UP-TO-DATE
> Task :app:generateReleaseBuildConfig FROM-CACHE
> Task :app:extractReleaseSupportedLocales UP-TO-DATE
> Task :app:mapReleaseSourceSetPaths UP-TO-DATE
> Task :app:generateReleaseLocaleConfig UP-TO-DATE
> Task :app:generateReleaseResources UP-TO-DATE
> Task :app:packageReleaseResources UP-TO-DATE
> Task :app:processReleaseNavigationResources UP-TO-DATE
> Task :app:parseReleaseLocalResources UP-TO-DATE
> Task :app:generateReleaseRFile UP-TO-DATE
> Task :app:javaPreCompileRelease UP-TO-DATE
> Task :app:mergeReleaseArtProfile UP-TO-DATE
> Task :app:checkReleaseAarMetadata UP-TO-DATE
> Task :app:compileReleaseNavigationResources UP-TO-DATE
> Task :app:mergeReleaseResources UP-TO-DATE
> Task :app:createReleaseCompatibleScreenManifests UP-TO-DATE
> Task :app:extractDeepLinksRelease UP-TO-DATE
> Task :app:processReleaseMainManifest UP-TO-DATE
> Task :app:processReleaseManifest UP-TO-DATE
> Task :app:processReleaseManifestForPackage UP-TO-DATE
> Task :app:processReleaseResources UP-TO-DATE
> Task :app:extractProguardFiles UP-TO-DATE
> Task :app:mergeReleaseStartupProfile UP-TO-DATE
> Task :app:generateReleaseAssets UP-TO-DATE
> Task :app:mergeReleaseAssets UP-TO-DATE
> Task :app:compressReleaseAssets UP-TO-DATE
> Task :app:extractReleaseVersionControlInfo UP-TO-DATE
> Task :app:collectReleaseDependencies UP-TO-DATE
> Task :app:sdkReleaseDependencyData UP-TO-DATE
> Task :app:validateSigningRelease UP-TO-DATE
> Task :app:writeReleaseAppMetadata UP-TO-DATE
> Task :app:writeReleaseSigningConfigVersions UP-TO-DATE
> Task :app:compileReleaseKotlin
> Task :app:compileReleaseJavaWithJavac
> Task :app:mergeReleaseGeneratedProguardFiles UP-TO-DATE
> Task :app:processReleaseJavaRes UP-TO-DATE
> Task :app:mergeReleaseJavaResource UP-TO-DATE
> Task :app:generateReleaseLintVitalReportModel
> Task :app:expandReleaseArtProfileWildcards
> Task :app:produceReleaseComposeMapping
> Task :app:reportReleaseComposeMappingErrors
> Task :app:mergeExtDexDebug
> Task :app:lintVitalAnalyzeRelease
> Task :app:lintVitalReportRelease UP-TO-DATE
> Task :app:lintVitalRelease
> Task :app:packageDebug
> Task :app:createDebugApkListingFileRedirect
> Task :app:assembleDebug
> Task :app:minifyReleaseWithR8
> Task :app:mergeReleaseComposeMapping
> Task :app:convertShrunkResourcesToBinaryRelease UP-TO-DATE
> Task :app:optimizeReleaseResources UP-TO-DATE
> Task :app:compileReleaseArtProfile
> Task :app:packageRelease
> Task :app:createReleaseApkListingFileRedirect UP-TO-DATE
> Task :app:assembleRelease

BUILD SUCCESSFUL in 1m 32s
542 actionable tasks: 74 executed, 3 from cache, 465 up-to-date
Consider enabling configuration cache to speed up this build: https://docs.gradle.org/9.7.0/userguide/configuration_cache_enabling.html
