a7d3fe6465b757b53cf0240204a5693baed1218cba4b1a0fc3298c39160c6651  app/build/outputs/apk/release/app-release.apk
e5b56dd5c0c996ff9401a7e656920ec357b28660cca67e81417f909dc069341c  app/build/outputs/apk/debug/app-debug.apk
Verifies
Verified using v1 scheme (JAR signing): false
Verified using v2 scheme (APK Signature Scheme v2): true
Verified using v3 scheme (APK Signature Scheme v3): false
Verified using v3.1 scheme (APK Signature Scheme v3.1): false
Verified using v3.2 scheme (APK Signature Scheme v3.2): false
Verified using v4 scheme (APK Signature Scheme v4): false
Verified for SourceStamp: false
Number of signers: 1
-- forbidden credential/provider markers in release APK --
ABSENT todo7-password
ABSENT secret upload detail
ABSENT secret request detail
ABSENT PLANT_ID_API_KEY
ABSENT secret_provider_diagnostic
ABSENT plant.id/api/v3/identification
-- changed source secret-shape scan --
no credential-shaped literals in changed tracked source
