Performing Streamed Install
Success
Performing Streamed Install
Success
INSTRUMENTATION_STATUS: class=com.planterior.helper.IdentificationMainActivityTest
INSTRUMENTATION_STATUS: current=1
INSTRUMENTATION_STATUS: id=AndroidJUnitRunner
INSTRUMENTATION_STATUS: numtests=1
INSTRUMENTATION_STATUS: stream=
com.planterior.helper.IdentificationMainActivityTest:
INSTRUMENTATION_STATUS: test=selectionAndConfirmedHandoffSurviveRealActivityRecreation
INSTRUMENTATION_STATUS_CODE: 1
INSTRUMENTATION_STATUS: class=com.planterior.helper.IdentificationMainActivityTest
INSTRUMENTATION_STATUS: current=1
INSTRUMENTATION_STATUS: id=AndroidJUnitRunner
INSTRUMENTATION_STATUS: numtests=1
INSTRUMENTATION_STATUS: stream=.
INSTRUMENTATION_STATUS: test=selectionAndConfirmedHandoffSurviveRealActivityRecreation
INSTRUMENTATION_STATUS_CODE: 0
INSTRUMENTATION_RESULT: stream=

Time: 14.405

OK (1 test)


INSTRUMENTATION_CODE: -1
