To honour the JVM settings for this build a single-use Daemon process will be forked. For more on this, please refer to https://docs.gradle.org/9.7.0/userguide/gradle_daemon.html#sec:disabling_the_daemon in the Gradle documentation.
Daemon will be stopped at the end of the build
> Task :app:preBuild UP-TO-DATE
> Task :feature:home:preBuild UP-TO-DATE
> Task :core:database:preBuild UP-TO-DATE
> Task :core:model:preBuild UP-TO-DATE
> Task :feature:camera:preBuild UP-TO-DATE
> Task :core:data:preBuild UP-TO-DATE
> Task :core:designsystem:preBuild UP-TO-DATE
> Task :feature:identify:preBuild UP-TO-DATE
> Task :feature:auth:preBuild UP-TO-DATE
> Task :feature:auth:preDebugBuild UP-TO-DATE
> Task :core:designsystem:preDebugBuild UP-TO-DATE
> Task :app:preDebugBuild UP-TO-DATE
> Task :feature:identify:preDebugBuild UP-TO-DATE
> Task :feature:camera:preDebugBuild UP-TO-DATE
> Task :feature:home:preDebugBuild UP-TO-DATE
> Task :core:database:preDebugBuild UP-TO-DATE
> Task :core:model:preDebugBuild UP-TO-DATE
> Task :core:data:preDebugBuild UP-TO-DATE
> Task :core:data:extractDebugSupportedLocales UP-TO-DATE
> Task :feature:home:extractDebugSupportedLocales UP-TO-DATE
> Task :core:designsystem:generateDebugResources UP-TO-DATE
> Task :app:generateDebugBuildConfig UP-TO-DATE
> Task :core:model:generateDebugResources UP-TO-DATE
> Task :feature:auth:extractDebugSupportedLocales UP-TO-DATE
> Task :core:database:extractDebugSupportedLocales UP-TO-DATE
> Task :feature:identify:generateDebugResources UP-TO-DATE
> Task :feature:camera:extractDebugSupportedLocales UP-TO-DATE
> Task :core:database:processDebugNavigationResources UP-TO-DATE
> Task :core:data:processDebugNavigationResources UP-TO-DATE
> Task :feature:auth:processDebugNavigationResources UP-TO-DATE
> Task :feature:home:processDebugNavigationResources UP-TO-DATE
> Task :feature:camera:processDebugNavigationResources UP-TO-DATE
> Task :core:database:generateDebugResources UP-TO-DATE
> Task :feature:camera:generateDebugResources UP-TO-DATE
> Task :app:extractDebugSupportedLocales UP-TO-DATE
> Task :core:data:generateDebugResources UP-TO-DATE
> Task :feature:home:generateDebugResources UP-TO-DATE
> Task :feature:auth:generateDebugBuildConfig UP-TO-DATE
> Task :app:mapDebugSourceSetPaths UP-TO-DATE
> Task :feature:auth:generateDebugResources UP-TO-DATE
> Task :app:generateDebugResources UP-TO-DATE
> Task :core:designsystem:packageDebugResources UP-TO-DATE
> Task :feature:camera:packageDebugResources UP-TO-DATE
> Task :core:data:packageDebugResources UP-TO-DATE
> Task :core:database:packageDebugResources UP-TO-DATE
> Task :core:model:packageDebugResources UP-TO-DATE
> Task :feature:home:packageDebugResources UP-TO-DATE
> Task :feature:auth:packageDebugResources UP-TO-DATE
> Task :feature:identify:packageDebugResources UP-TO-DATE
> Task :core:designsystem:processDebugNavigationResources UP-TO-DATE
> Task :core:model:processDebugNavigationResources UP-TO-DATE
> Task :app:javaPreCompileDebug UP-TO-DATE
> Task :feature:identify:processDebugNavigationResources UP-TO-DATE
> Task :app:createDebugCompatibleScreenManifests UP-TO-DATE
> Task :feature:camera:parseDebugLocalResources UP-TO-DATE
> Task :feature:identify:parseDebugLocalResources UP-TO-DATE
> Task :core:model:parseDebugLocalResources UP-TO-DATE
> Task :feature:home:parseDebugLocalResources UP-TO-DATE
> Task :core:database:parseDebugLocalResources UP-TO-DATE
> Task :core:designsystem:parseDebugLocalResources UP-TO-DATE
> Task :core:data:parseDebugLocalResources UP-TO-DATE
> Task :feature:auth:parseDebugLocalResources UP-TO-DATE
> Task :core:model:generateDebugRFile UP-TO-DATE
> Task :feature:camera:generateDebugRFile UP-TO-DATE
> Task :feature:camera:javaPreCompileDebug UP-TO-DATE
> Task :feature:camera:writeDebugAarMetadata UP-TO-DATE
> Task :core:database:generateDebugRFile UP-TO-DATE
> Task :feature:camera:extractDeepLinksDebug UP-TO-DATE
> Task :feature:identify:generateDebugRFile UP-TO-DATE
> Task :core:data:generateDebugRFile UP-TO-DATE
> Task :feature:auth:generateDebugRFile UP-TO-DATE
> Task :core:designsystem:generateDebugRFile UP-TO-DATE
> Task :feature:home:generateDebugRFile UP-TO-DATE
> Task :feature:camera:processDebugManifest UP-TO-DATE
> Task :core:data:javaPreCompileDebug UP-TO-DATE
> Task :feature:identify:javaPreCompileDebug UP-TO-DATE
> Task :feature:auth:javaPreCompileDebug UP-TO-DATE
> Task :feature:identify:preDebugUnitTestBuild UP-TO-DATE
> Task :feature:home:javaPreCompileDebug UP-TO-DATE
> Task :feature:camera:mapDebugSourceSetPaths UP-TO-DATE
> Task :feature:auth:writeDebugAarMetadata UP-TO-DATE
> Task :feature:identify:writeDebugAarMetadata UP-TO-DATE
> Task :core:data:writeDebugAarMetadata UP-TO-DATE
> Task :feature:home:writeDebugAarMetadata UP-TO-DATE
> Task :feature:camera:compileDebugLibraryResources UP-TO-DATE
> Task :feature:auth:extractDeepLinksDebug UP-TO-DATE
> Task :feature:camera:generateDebugAssets UP-TO-DATE
> Task :core:data:extractDeepLinksDebug UP-TO-DATE
> Task :feature:identify:mapDebugSourceSetPaths UP-TO-DATE
> Task :feature:home:extractDeepLinksDebug UP-TO-DATE
> Task :feature:camera:mergeDebugAssets UP-TO-DATE
> Task :feature:auth:processDebugManifest UP-TO-DATE
> Task :feature:home:processDebugManifest UP-TO-DATE
> Task :feature:identify:compileDebugLibraryResources UP-TO-DATE
> Task :feature:auth:mapDebugSourceSetPaths UP-TO-DATE
> Task :feature:home:mapDebugSourceSetPaths UP-TO-DATE
> Task :feature:auth:compileDebugLibraryResources UP-TO-DATE
> Task :core:data:processDebugManifest UP-TO-DATE
> Task :feature:home:compileDebugLibraryResources UP-TO-DATE
> Task :feature:auth:generateDebugAssets UP-TO-DATE
> Task :feature:home:generateDebugAssets UP-TO-DATE
> Task :feature:auth:mergeDebugAssets UP-TO-DATE
> Task :core:data:mapDebugSourceSetPaths UP-TO-DATE
> Task :feature:identify:mapDebugUnitTestSourceSetPaths UP-TO-DATE
> Task :feature:home:mergeDebugAssets UP-TO-DATE
> Task :core:data:compileDebugLibraryResources UP-TO-DATE
> Task :feature:identify:generateDebugUnitTestResources UP-TO-DATE
> Task :core:data:generateDebugAssets UP-TO-DATE
> Task :core:data:mergeDebugAssets UP-TO-DATE
> Task :feature:auth:extractDeepLinksForAarDebug FROM-CACHE
> Task :core:data:extractDeepLinksForAarDebug FROM-CACHE
> Task :feature:home:extractDeepLinksForAarDebug FROM-CACHE
> Task :feature:camera:extractDeepLinksForAarDebug FROM-CACHE
> Task :core:database:javaPreCompileDebug UP-TO-DATE
> Task :core:database:writeDebugAarMetadata UP-TO-DATE
> Task :core:database:extractDeepLinksDebug UP-TO-DATE
> Task :core:database:processDebugManifest UP-TO-DATE
> Task :core:database:mapDebugSourceSetPaths UP-TO-DATE
> Task :feature:auth:prepareDebugArtProfile
> Task :feature:camera:prepareDebugArtProfile
> Task :feature:home:prepareDebugArtProfile
> Task :core:database:compileDebugLibraryResources UP-TO-DATE
> Task :core:database:generateDebugAssets UP-TO-DATE
> Task :core:data:prepareDebugArtProfile
> Task :core:model:compileDebugKotlin UP-TO-DATE
> Task :core:model:javaPreCompileDebug UP-TO-DATE
> Task :core:database:mergeDebugAssets UP-TO-DATE
> Task :core:database:extractDeepLinksForAarDebug FROM-CACHE
> Task :core:data:prepareLintJarForPublish
> Task :feature:camera:prepareLintJarForPublish
> Task :feature:auth:prepareLintJarForPublish
> Task :core:model:compileDebugJavaWithJavac NO-SOURCE
> Task :core:model:bundleLibRuntimeToJarDebug UP-TO-DATE
> Task :feature:home:prepareLintJarForPublish
> Task :core:database:prepareDebugArtProfile
> Task :core:model:processDebugJavaRes UP-TO-DATE
> Task :core:data:writeDebugLintModelMetadata
> Task :feature:auth:writeDebugLintModelMetadata
> Task :feature:camera:writeDebugLintModelMetadata
> Task :feature:home:writeDebugLintModelMetadata
> Task :core:model:bundleLibCompileToJarDebug UP-TO-DATE
> Task :core:database:prepareLintJarForPublish
> Task :core:model:mapDebugSourceSetPaths UP-TO-DATE
> Task :core:model:compileDebugLibraryResources UP-TO-DATE
> Task :feature:auth:extractProguardFiles
> Task :feature:auth:preDebugAndroidTestBuild UP-TO-DATE
> Task :feature:auth:preDebugUnitTestBuild UP-TO-DATE
> Task :feature:home:extractProguardFiles
> Task :feature:home:preDebugAndroidTestBuild UP-TO-DATE
> Task :feature:home:preDebugUnitTestBuild UP-TO-DATE
> Task :core:data:extractProguardFiles
> Task :core:data:preDebugAndroidTestBuild UP-TO-DATE
> Task :core:data:preDebugUnitTestBuild UP-TO-DATE
> Task :feature:auth:mergeDebugJniLibFolders UP-TO-DATE
> Task :core:data:mergeDebugJniLibFolders UP-TO-DATE
> Task :feature:camera:extractProguardFiles
> Task :feature:camera:preDebugAndroidTestBuild UP-TO-DATE
> Task :core:model:writeDebugAarMetadata UP-TO-DATE
> Task :feature:camera:preDebugUnitTestBuild UP-TO-DATE
> Task :feature:auth:mergeDebugNativeLibs NO-SOURCE
> Task :feature:home:mergeDebugJniLibFolders UP-TO-DATE
> Task :core:model:extractDeepLinksDebug UP-TO-DATE
> Task :feature:camera:mergeDebugJniLibFolders UP-TO-DATE
> Task :core:data:mergeDebugNativeLibs NO-SOURCE
> Task :feature:auth:copyDebugJniLibsProjectOnly UP-TO-DATE
> Task :feature:camera:mergeDebugNativeLibs NO-SOURCE
> Task :core:model:processDebugManifest UP-TO-DATE
> Task :core:model:generateDebugAssets UP-TO-DATE
> Task :feature:camera:copyDebugJniLibsProjectOnly UP-TO-DATE
> Task :core:model:mergeDebugAssets UP-TO-DATE
> Task :feature:home:mergeDebugNativeLibs NO-SOURCE
> Task :core:model:extractDebugSupportedLocales UP-TO-DATE
> Task :feature:home:copyDebugJniLibsProjectOnly UP-TO-DATE
> Task :core:model:checkDebugAarMetadata
> Task :core:database:kspDebugKotlin UP-TO-DATE
> Task :core:model:extractDebugAnnotations FROM-CACHE
> Task :core:model:extractDeepLinksForAarDebug FROM-CACHE
> Task :core:database:compileDebugKotlin UP-TO-DATE
> Task :core:model:mergeDebugGeneratedProguardFiles
> Task :core:database:compileDebugJavaWithJavac NO-SOURCE
> Task :core:database:bundleLibCompileToJarDebug UP-TO-DATE
> Task :core:database:bundleLibRuntimeToJarDebug UP-TO-DATE
> Task :core:model:mergeDebugConsumerProguardFiles
> Task :core:model:prepareDebugArtProfile
> Task :core:database:processDebugJavaRes UP-TO-DATE
> Task :core:model:prepareLintJarForPublish
> Task :core:database:checkDebugAarMetadata
> Task :core:database:extractDebugAnnotations FROM-CACHE
> Task :core:model:createFullJarDebug
> Task :core:database:mergeDebugGeneratedProguardFiles
> Task :core:model:writeDebugLintModelMetadata
> Task :core:database:mergeDebugConsumerProguardFiles
> Task :core:model:extractProguardFiles
> Task :core:database:createFullJarDebug
> Task :core:database:writeDebugLintModelMetadata
> Task :core:database:extractProguardFiles
> Task :core:database:preDebugAndroidTestBuild UP-TO-DATE
> Task :core:database:preDebugUnitTestBuild UP-TO-DATE
> Task :core:database:bundleLibRuntimeToDirDebug UP-TO-DATE
> Task :core:model:mergeDebugJavaResource
> Task :core:database:mergeDebugJniLibFolders UP-TO-DATE
> Task :core:database:mergeDebugNativeLibs NO-SOURCE
> Task :core:database:copyDebugJniLibsProjectOnly UP-TO-DATE
> Task :core:data:checkDebugAarMetadata
> Task :core:database:mergeDebugJavaResource
> Task :core:database:syncDebugLibJars FROM-CACHE
> Task :core:data:compileDebugKotlin UP-TO-DATE
> Task :feature:identify:mergeDebugUnitTestResources UP-TO-DATE
> Task :core:data:compileDebugJavaWithJavac NO-SOURCE
> Task :feature:identify:extractDeepLinksDebug UP-TO-DATE
> Task :core:data:bundleLibCompileToJarDebug UP-TO-DATE
> Task :feature:identify:processDebugManifest UP-TO-DATE
> Task :feature:identify:javaPreCompileDebugUnitTest UP-TO-DATE
> Task :feature:identify:generateDebugUnitTestAssets UP-TO-DATE
> Task :core:data:bundleLibRuntimeToJarDebug UP-TO-DATE
> Task :feature:identify:generateDebugAssets UP-TO-DATE
> Task :feature:identify:mergeDebugAssets UP-TO-DATE
> Task :core:data:processDebugJavaRes UP-TO-DATE
> Task :feature:identify:extractDebugSupportedLocales UP-TO-DATE
> Task :feature:identify:extractDeepLinksForAarDebug FROM-CACHE
> Task :feature:identify:prepareDebugArtProfile
> Task :feature:identify:writeDebugLintModelMetadata
> Task :feature:identify:extractProguardFiles
> Task :feature:identify:preDebugAndroidTestBuild UP-TO-DATE
> Task :core:database:bundleDebugLocalLintAar
> Task :feature:identify:mergeDebugJniLibFolders UP-TO-DATE
> Task :core:data:extractDebugAnnotations FROM-CACHE
> Task :core:data:mergeDebugGeneratedProguardFiles
> Task :core:data:mergeDebugConsumerProguardFiles
> Task :feature:identify:prepareLintJarForPublish
> Task :feature:identify:mergeDebugNativeLibs NO-SOURCE
> Task :feature:identify:copyDebugJniLibsProjectOnly UP-TO-DATE
> Task :core:data:mergeDebugJavaResource
> Task :core:designsystem:compileDebugKotlin UP-TO-DATE
> Task :core:data:createFullJarDebug
> Task :core:designsystem:javaPreCompileDebug UP-TO-DATE
> Task :core:designsystem:compileDebugJavaWithJavac NO-SOURCE
> Task :core:designsystem:bundleLibRuntimeToJarDebug UP-TO-DATE
> Task :core:designsystem:processDebugJavaRes UP-TO-DATE
> Task :core:designsystem:bundleLibCompileToJarDebug UP-TO-DATE
> Task :core:data:syncDebugLibJars FROM-CACHE
> Task :core:designsystem:mapDebugSourceSetPaths UP-TO-DATE
> Task :core:designsystem:compileDebugLibraryResources UP-TO-DATE
> Task :core:designsystem:writeDebugAarMetadata UP-TO-DATE
> Task :core:designsystem:extractDeepLinksDebug UP-TO-DATE
> Task :core:designsystem:processDebugManifest UP-TO-DATE
> Task :core:designsystem:generateDebugAssets UP-TO-DATE
> Task :core:designsystem:mergeDebugAssets UP-TO-DATE
> Task :core:designsystem:extractDebugSupportedLocales UP-TO-DATE
> Task :core:data:bundleDebugLocalLintAar
> Task :app:processDebugNavigationResources UP-TO-DATE
> Task :app:generateDebugLocaleConfig UP-TO-DATE
> Task :core:data:bundleLibRuntimeToDirDebug UP-TO-DATE
> Task :core:data:copyDebugJniLibsProjectOnly UP-TO-DATE
> Task :app:packageDebugResources UP-TO-DATE
> Task :app:parseDebugLocalResources UP-TO-DATE
> Task :app:generateDebugRFile UP-TO-DATE
> Task :feature:home:compileDebugKotlin UP-TO-DATE
> Task :feature:home:compileDebugJavaWithJavac NO-SOURCE
> Task :feature:camera:compileDebugKotlin UP-TO-DATE
> Task :feature:camera:compileDebugJavaWithJavac NO-SOURCE
> Task :feature:camera:bundleLibCompileToJarDebug UP-TO-DATE
> Task :feature:auth:compileDebugKotlin UP-TO-DATE
> Task :feature:home:bundleLibCompileToJarDebug UP-TO-DATE
> Task :feature:auth:compileDebugJavaWithJavac UP-TO-DATE
> Task :feature:camera:bundleLibRuntimeToJarDebug UP-TO-DATE
> Task :feature:home:bundleLibRuntimeToJarDebug UP-TO-DATE
> Task :app:checkDebugAarMetadata UP-TO-DATE
> Task :app:compileDebugNavigationResources UP-TO-DATE
> Task :feature:camera:processDebugJavaRes UP-TO-DATE
> Task :feature:home:processDebugJavaRes UP-TO-DATE
> Task :feature:auth:bundleLibCompileToJarDebug UP-TO-DATE
> Task :core:designsystem:checkDebugAarMetadata
> Task :core:designsystem:extractDebugAnnotations FROM-CACHE
> Task :core:designsystem:extractDeepLinksForAarDebug FROM-CACHE
> Task :core:designsystem:mergeDebugGeneratedProguardFiles
> Task :core:designsystem:mergeDebugConsumerProguardFiles
> Task :core:designsystem:prepareDebugArtProfile
> Task :feature:auth:bundleLibRuntimeToJarDebug UP-TO-DATE
> Task :core:designsystem:prepareLintJarForPublish
> Task :feature:auth:processDebugJavaRes UP-TO-DATE
> Task :feature:home:checkDebugAarMetadata
> Task :core:designsystem:mergeDebugJavaResource
> Task :core:designsystem:createFullJarDebug
> Task :core:designsystem:syncDebugLibJars FROM-CACHE
> Task :core:designsystem:bundleDebugLocalLintAar
> Task :core:designsystem:writeDebugLintModelMetadata
> Task :core:designsystem:extractProguardFiles
> Task :feature:home:extractDebugAnnotations FROM-CACHE
> Task :feature:camera:checkDebugAarMetadata
> Task :feature:home:mergeDebugGeneratedProguardFiles
> Task :app:mergeDebugResources UP-TO-DATE
> Task :feature:home:mergeDebugConsumerProguardFiles
> Task :app:extractDeepLinksDebug UP-TO-DATE
> Task :feature:camera:extractDebugAnnotations FROM-CACHE
> Task :feature:camera:mergeDebugGeneratedProguardFiles
> Task :feature:home:mergeDebugJavaResource
> Task :feature:camera:mergeDebugConsumerProguardFiles
> Task :feature:home:createFullJarDebug
> Task :feature:camera:mergeDebugJavaResource
> Task :feature:home:syncDebugLibJars FROM-CACHE
> Task :feature:auth:checkDebugAarMetadata
> Task :feature:home:bundleDebugLocalLintAar
> Task :feature:camera:createFullJarDebug
> Task :feature:camera:syncDebugLibJars FROM-CACHE
> Task :feature:auth:extractDebugAnnotations FROM-CACHE
> Task :feature:home:bundleLibRuntimeToDirDebug UP-TO-DATE
> Task :feature:auth:mergeDebugGeneratedProguardFiles
> Task :feature:auth:mergeDebugConsumerProguardFiles
> Task :feature:camera:bundleDebugLocalLintAar
> Task :feature:auth:mergeDebugJavaResource
> Task :feature:auth:createFullJarDebug
> Task :feature:camera:bundleLibRuntimeToDirDebug UP-TO-DATE
> Task :feature:auth:syncDebugLibJars FROM-CACHE
> Task :feature:auth:bundleDebugLocalLintAar
> Task :feature:auth:bundleLibRuntimeToDirDebug UP-TO-DATE
> Task :app:processDebugMainManifest UP-TO-DATE
> Task :app:processDebugManifest UP-TO-DATE
> Task :app:processDebugManifestForPackage UP-TO-DATE
> Task :core:model:generateDebugLintModel
> Task :core:model:syncDebugLibJars FROM-CACHE
> Task :core:model:bundleDebugLocalLintAar
> Task :app:processDebugResources UP-TO-DATE
> Task :core:database:generateDebugLintModel
> Task :app:preDebugUnitTestBuild UP-TO-DATE
> Task :core:model:lintAnalyzeDebug FROM-CACHE
> Task :core:model:preDebugAndroidTestBuild UP-TO-DATE
> Task :app:javaPreCompileDebugUnitTest UP-TO-DATE
> Task :app:generateDebugAssets UP-TO-DATE
> Task :core:model:generateDebugAndroidTestLintModel
> Task :core:model:preDebugUnitTestBuild UP-TO-DATE
> Task :core:database:generateDebugAndroidTestLintModel
> Task :core:model:generateDebugUnitTestLintModel
> Task :core:database:lintAnalyzeDebug FROM-CACHE
> Task :core:model:lintAnalyzeDebugAndroidTest FROM-CACHE
> Task :core:model:lintAnalyzeDebugUnitTest FROM-CACHE
> Task :core:model:bundleLibRuntimeToDirDebug UP-TO-DATE
> Task :core:model:mergeDebugJniLibFolders UP-TO-DATE
> Task :core:model:mergeDebugNativeLibs NO-SOURCE
> Task :core:model:copyDebugJniLibsProjectOnly UP-TO-DATE
> Task :app:mergeDebugAssets UP-TO-DATE
> Task :app:packageDebugUnitTestForUnitTest UP-TO-DATE
> Task :core:database:generateDebugUnitTestLintModel
> Task :core:database:lintAnalyzeDebugAndroidTest FROM-CACHE
> Task :core:database:lintAnalyzeDebugUnitTest FROM-CACHE
> Task :core:data:generateDebugLintModel
> Task :feature:home:generateDebugAndroidTestLintModel
> Task :app:mergeDebugUnitTestManifest UP-TO-DATE
> Task :app:processDebugUnitTestManifest UP-TO-DATE
> Task :app:generateDebugUnitTestConfig UP-TO-DATE
> Task :core:data:lintAnalyzeDebug FROM-CACHE
> Task :app:koverFindJar UP-TO-DATE
> Task :app:preDebugAndroidTestBuild SKIPPED
> Task :app:extractProguardFiles
> Task :app:mergeDebugNativeDebugMetadata NO-SOURCE
> Task :app:compressDebugAssets UP-TO-DATE
> Task :app:generateDebugGlobalSynthetics UP-TO-DATE
> Task :core:data:generateDebugAndroidTestLintModel
> Task :feature:auth:generateDebugAndroidTestLintModel
> Task :feature:identify:checkDebugUnitTestAarMetadata UP-TO-DATE
> Task :feature:home:generateDebugUnitTestLintModel
> Task :app:checkDebugDuplicateClasses UP-TO-DATE
> Task :app:desugarDebugFileDependencies UP-TO-DATE
> Task :feature:identify:mergeDebugUnitTestManifest UP-TO-DATE
> Task :feature:identify:processDebugUnitTestManifest UP-TO-DATE
> Task :core:data:generateDebugUnitTestLintModel
> Task :feature:home:lintAnalyzeDebugAndroidTest FROM-CACHE
> Task :feature:home:lintAnalyzeDebugUnitTest FROM-CACHE
> Task :core:data:lintAnalyzeDebugAndroidTest FROM-CACHE
> Task :feature:identify:processDebugUnitTestResources UP-TO-DATE
> Task :core:data:lintAnalyzeDebugUnitTest FROM-CACHE
> Task :feature:identify:mergeDebugUnitTestAssets UP-TO-DATE
> Task :feature:identify:packageDebugUnitTestForUnitTest UP-TO-DATE
> Task :feature:identify:generateDebugUnitTestConfig UP-TO-DATE
> Task :feature:auth:generateDebugUnitTestLintModel
> Task :core:designsystem:generateDebugLintModel
> Task :core:designsystem:lintAnalyzeDebug FROM-CACHE
> Task :core:designsystem:preDebugAndroidTestBuild UP-TO-DATE
> Task :feature:home:generateDebugLintModel
> Task :feature:camera:generateDebugAndroidTestLintModel
> Task :feature:home:lintAnalyzeDebug FROM-CACHE
> Task :core:designsystem:generateDebugAndroidTestLintModel
> Task :core:designsystem:preDebugUnitTestBuild UP-TO-DATE
> Task :feature:identify:checkDebugAarMetadata
> Task :feature:camera:generateDebugLintModel
> Task :feature:auth:lintAnalyzeDebugAndroidTest FROM-CACHE
> Task :feature:identify:extractDebugAnnotations
> Task :feature:auth:generateDebugLintModel
> Task :core:designsystem:generateDebugUnitTestLintModel
> Task :app:mergeExtDexDebug UP-TO-DATE
> Task :app:mergeDebugJniLibFolders UP-TO-DATE
> Task :app:validateSigningDebug UP-TO-DATE
> Task :app:writeDebugAppMetadata UP-TO-DATE
> Task :app:writeDebugSigningConfigVersions UP-TO-DATE
> Task :core:designsystem:lintAnalyzeDebugAndroidTest FROM-CACHE
> Task :core:designsystem:lintAnalyzeDebugUnitTest FROM-CACHE
> Task :core:designsystem:bundleLibRuntimeToDirDebug UP-TO-DATE
> Task :core:designsystem:mergeDebugJniLibFolders UP-TO-DATE
> Task :core:designsystem:mergeDebugNativeLibs NO-SOURCE
> Task :core:designsystem:copyDebugJniLibsProjectOnly UP-TO-DATE
> Task :feature:auth:lintAnalyzeDebugUnitTest FROM-CACHE
> Task :feature:camera:lintAnalyzeDebug FROM-CACHE
> Task :app:mergeDebugAndroidTestManifest UP-TO-DATE
> Task :feature:camera:generateDebugUnitTestLintModel
> Task :feature:camera:lintAnalyzeDebugAndroidTest FROM-CACHE
> Task :app:mergeDebugNativeLibs UP-TO-DATE
> Task :app:stripDebugDebugSymbols UP-TO-DATE
> Task :app:processDebugAndroidTestManifest UP-TO-DATE
> Task :app:generateDebugAndroidTestBuildConfig UP-TO-DATE
> Task :app:generateDebugAndroidTestResources UP-TO-DATE
> Task :app:packageDebugAndroidTestResources UP-TO-DATE
> Task :app:processDebugAndroidTestNavigationResources UP-TO-DATE
> Task :app:parseDebugAndroidTestLocalResources UP-TO-DATE
> Task :app:generateDebugAndroidTestRFile UP-TO-DATE
> Task :app:javaPreCompileDebugAndroidTest UP-TO-DATE
> Task :app:generateDebugAndroidTestAssets UP-TO-DATE
> Task :app:mergeDebugAndroidTestAssets UP-TO-DATE
> Task :app:compressDebugAndroidTestAssets UP-TO-DATE
> Task :app:generateDebugAndroidTestGlobalSynthetics UP-TO-DATE
> Task :app:checkDebugAndroidTestDuplicateClasses UP-TO-DATE
> Task :app:desugarDebugAndroidTestFileDependencies UP-TO-DATE
> Task :app:mergeExtDexDebugAndroidTest UP-TO-DATE
> Task :app:checkDebugAndroidTestAarMetadata UP-TO-DATE
> Task :app:mapDebugAndroidTestSourceSetPaths UP-TO-DATE
> Task :app:compileDebugAndroidTestNavigationResources UP-TO-DATE
> Task :app:mergeDebugAndroidTestResources UP-TO-DATE
> Task :app:processDebugAndroidTestResources UP-TO-DATE
> Task :app:mergeDebugAndroidTestJniLibFolders UP-TO-DATE
> Task :app:mergeDebugAndroidTestNativeLibs NO-SOURCE
> Task :app:stripDebugAndroidTestDebugSymbols NO-SOURCE
> Task :app:validateSigningDebugAndroidTest UP-TO-DATE
> Task :app:writeDebugAndroidTestSigningConfigVersions UP-TO-DATE
> Task :feature:identify:compileDebugKotlin
> Task :feature:identify:compileDebugJavaWithJavac NO-SOURCE
> Task :feature:identify:processDebugJavaRes UP-TO-DATE
> Task :feature:identify:mergeDebugGeneratedProguardFiles
> Task :feature:identify:bundleLibRuntimeToJarDebug
> Task :feature:identify:bundleLibCompileToJarDebug
> Task :feature:identify:mergeDebugConsumerProguardFiles
> Task :feature:identify:compileDebugUnitTestKotlin UP-TO-DATE
> Task :feature:identify:compileDebugUnitTestJavaWithJavac NO-SOURCE
> Task :feature:identify:processDebugUnitTestJavaRes UP-TO-DATE
> Task :app:compileDebugKotlin UP-TO-DATE
> Task :app:compileDebugJavaWithJavac UP-TO-DATE
> Task :app:bundleDebugClassesToRuntimeJar UP-TO-DATE
> Task :app:bundleDebugClassesToCompileJar UP-TO-DATE
> Task :app:compileDebugUnitTestKotlin UP-TO-DATE
> Task :app:compileDebugUnitTestJavaWithJavac NO-SOURCE
> Task :app:processDebugJavaRes UP-TO-DATE
> Task :app:processDebugUnitTestJavaRes UP-TO-DATE
> Task :feature:camera:lintAnalyzeDebugUnitTest
> Task :feature:identify:testDebugUnitTest
> Task :feature:identify:createFullJarDebug
> Task :feature:identify:mergeDebugJavaResource
> Task :feature:identify:syncDebugLibJars
> Task :feature:identify:bundleDebugLocalLintAar
> Task :feature:identify:generateDebugLintModel
> Task :feature:identify:generateDebugAndroidTestLintModel
> Task :feature:identify:generateDebugUnitTestLintModel
> Task :feature:identify:bundleLibRuntimeToDirDebug
> Task :feature:identify:lintAnalyzeDebugAndroidTest
> Task :feature:auth:lintAnalyzeDebug
> Task :feature:identify:lintAnalyzeDebugUnitTest
> Task :app:testDebugUnitTest
> Task :app:generateDebugAndroidTestLintModel
> Task :app:generateDebugLintReportModel
> Task :app:generateDebugUnitTestLintModel
> Task :app:mergeDebugJavaResource UP-TO-DATE
> Task :app:dexBuilderDebug UP-TO-DATE
> Task :app:mergeProjectDexDebug UP-TO-DATE
> Task :app:mergeLibDexDebugAndroidTest UP-TO-DATE
> Task :app:mergeLibDexDebug
> Task :app:packageDebug
> Task :app:createDebugApkListingFileRedirect UP-TO-DATE
> Task :app:assembleDebug

> Task :app:compileDebugAndroidTestKotlin
w: file:///Users/yeoreum/Documents/Planterior_Helper-worktrees/todo7-runtime-fixes/app/src/androidTest/kotlin/com/planterior/helper/IdentificationMainActivityTest.kt:30:29 'fun <reified A : ComponentActivity> createAndroidComposeRule(effectContext: CoroutineContext = ...): AndroidComposeTestRule<ActivityScenarioRule<A>, A>' is deprecated. Use `androidx.compose.ui.test.junit4.v2.createAndroidComposeRule` instead. The v2 APIs use StandardTestDispatcher instead of UnconfinedTestDispatcher, which aligns with standard coroutine behavior by queuing tasks rather than executing them immediately. Tests relying on immediate execution may require explicit synchronization. Please refer to the migration guide for more details.

> Task :app:compileDebugAndroidTestJavaWithJavac UP-TO-DATE
> Task :app:processDebugAndroidTestJavaRes UP-TO-DATE
> Task :app:mergeDebugAndroidTestJavaResource UP-TO-DATE
> Task :app:dexBuilderDebugAndroidTest
> Task :feature:identify:lintAnalyzeDebug
> Task :app:mergeProjectDexDebugAndroidTest
> Task :app:packageDebugAndroidTest
> Task :app:createDebugAndroidTestApkListingFileRedirect UP-TO-DATE
> Task :app:assembleDebugAndroidTest
> Task :app:lintAnalyzeDebugUnitTest
> Task :app:lintAnalyzeDebugAndroidTest
> Task :app:lintAnalyzeDebug

> Task :app:lintReportDebug
Wrote HTML report to file:///Users/yeoreum/Documents/Planterior_Helper-worktrees/todo7-runtime-fixes/app/build/reports/lint-results-debug.html
Wrote SARIF report to file:///Users/yeoreum/Documents/Planterior_Helper-worktrees/todo7-runtime-fixes/app/build/reports/lint-results-debug.sarif
Lint found 2 errors. First failure:
/Users/yeoreum/Documents/Planterior_Helper-worktrees/todo7-runtime-fixes/app/src/main/res/values/strings.xml:17: Error: The resource R.string.screen_identification appears to be unused [UnusedResources]
    <string name="screen_identification">식물 식별</string>
            ~~~~~~~~~~~~~~~~~~~~~~~~~~~~


> Task :app:lintDebug FAILED
Lint found 2 errors. First failure:

/Users/yeoreum/Documents/Planterior_Helper-worktrees/todo7-runtime-fixes/app/src/main/res/values/strings.xml:17: Error: The resource R.string.screen_identification appears to be unused [UnusedResources]
    <string name="screen_identification">식물 식별</string>
            ~~~~~~~~~~~~~~~~~~~~~~~~~~~~

The full lint text report is located at:
  /Users/yeoreum/Documents/Planterior_Helper-worktrees/todo7-runtime-fixes/app/build/intermediates/lint_intermediate_text_report/debug/lintReportDebug/lint-results-debug.txt

[Incubating] Problems report is available at: file:///Users/yeoreum/Documents/Planterior_Helper-worktrees/todo7-runtime-fixes/build/reports/problems/problems-report.html

FAILURE: Build failed with an exception.

* What went wrong:
Execution failed for task ':app:lintDebug' (registered by plugin 'com.android.internal.application').
> Lint found errors in the project; aborting build.

  Fix the issues identified by lint, or create a baseline to see only new errors.
  To create a baseline, run `gradlew updateLintBaseline` after adding the following to the module's build.gradle file:
  ```
  android {
      lint {
          baseline = file("lint-baseline.xml")
      }
  }
  ```
  For more details, see https://developer.android.com/studio/write/lint#snapshot

  Lint found 2 errors. First failure:

  /Users/yeoreum/Documents/Planterior_Helper-worktrees/todo7-runtime-fixes/app/src/main/res/values/strings.xml:17: Error: The resource R.string.screen_identification appears to be unused [UnusedResources]
      <string name="screen_identification">식물 식별</string>
              ~~~~~~~~~~~~~~~~~~~~~~~~~~~~

  The full lint text report is located at:
    /Users/yeoreum/Documents/Planterior_Helper-worktrees/todo7-runtime-fixes/app/build/intermediates/lint_intermediate_text_report/debug/lintReportDebug/lint-results-debug.txt

* Try:
> Run with --stacktrace option to get the stack trace.
> Run with --info or --debug option to get more log output.
> Run with --scan to get full insights from a Build Scan (powered by Develocity).
> Get more help at https://help.gradle.org.

BUILD FAILED in 47s
421 actionable tasks: 132 executed, 41 from cache, 248 up-to-date
