To honour the JVM settings for this build a single-use Daemon process will be forked. For more on this, please refer to https://docs.gradle.org/9.7.0/userguide/gradle_daemon.html#sec:disabling_the_daemon in the Gradle documentation.
Daemon will be stopped at the end of the build
> Task :feature:camera:preBuild UP-TO-DATE
> Task :app:preBuild UP-TO-DATE
> Task :core:database:preBuild UP-TO-DATE
> Task :core:designsystem:preBuild UP-TO-DATE
> Task :core:data:preBuild UP-TO-DATE
> Task :core:model:preBuild UP-TO-DATE
> Task :feature:auth:preBuild UP-TO-DATE
> Task :feature:identify:preBuild UP-TO-DATE
> Task :feature:home:preBuild UP-TO-DATE
> Task :core:data:preDebugBuild UP-TO-DATE
> Task :core:model:preDebugBuild UP-TO-DATE
> Task :feature:home:preDebugBuild UP-TO-DATE
> Task :feature:identify:preDebugBuild UP-TO-DATE
> Task :core:designsystem:preDebugBuild UP-TO-DATE
> Task :feature:auth:preDebugBuild UP-TO-DATE
> Task :core:database:preDebugBuild UP-TO-DATE
> Task :app:preDebugBuild UP-TO-DATE
> Task :feature:camera:preDebugBuild UP-TO-DATE
> Task :core:database:extractDebugSupportedLocales UP-TO-DATE
> Task :feature:identify:extractDebugSupportedLocales UP-TO-DATE
> Task :feature:auth:extractDebugSupportedLocales UP-TO-DATE
> Task :feature:home:extractDebugSupportedLocales UP-TO-DATE
> Task :core:model:extractDebugSupportedLocales UP-TO-DATE
> Task :core:data:extractDebugSupportedLocales UP-TO-DATE
> Task :core:designsystem:extractDebugSupportedLocales UP-TO-DATE
> Task :feature:camera:extractDebugSupportedLocales UP-TO-DATE
> Task :app:generateDebugBuildConfig UP-TO-DATE
> Task :core:database:processDebugNavigationResources UP-TO-DATE
> Task :core:model:processDebugNavigationResources UP-TO-DATE
> Task :core:data:processDebugNavigationResources UP-TO-DATE
> Task :feature:camera:processDebugNavigationResources UP-TO-DATE
> Task :core:designsystem:processDebugNavigationResources UP-TO-DATE
> Task :feature:home:processDebugNavigationResources UP-TO-DATE
> Task :feature:identify:processDebugNavigationResources UP-TO-DATE
> Task :feature:auth:processDebugNavigationResources UP-TO-DATE
> Task :core:database:generateDebugResources UP-TO-DATE
> Task :app:extractDebugSupportedLocales UP-TO-DATE
> Task :core:model:generateDebugResources UP-TO-DATE
> Task :feature:camera:generateDebugResources UP-TO-DATE
> Task :core:data:generateDebugResources UP-TO-DATE
> Task :core:designsystem:generateDebugResources UP-TO-DATE
> Task :feature:home:generateDebugResources UP-TO-DATE
> Task :feature:identify:generateDebugResources UP-TO-DATE
> Task :app:mapDebugSourceSetPaths UP-TO-DATE
> Task :feature:auth:generateDebugBuildConfig UP-TO-DATE
> Task :feature:auth:generateDebugResources UP-TO-DATE
> Task :feature:auth:javaPreCompileDebug UP-TO-DATE
> Task :feature:auth:writeDebugAarMetadata UP-TO-DATE
> Task :feature:auth:extractDeepLinksDebug UP-TO-DATE
> Task :core:database:packageDebugResources UP-TO-DATE
> Task :feature:home:packageDebugResources UP-TO-DATE
> Task :core:data:packageDebugResources UP-TO-DATE
> Task :feature:identify:packageDebugResources UP-TO-DATE
> Task :core:designsystem:packageDebugResources UP-TO-DATE
> Task :core:model:packageDebugResources UP-TO-DATE
> Task :feature:camera:packageDebugResources UP-TO-DATE
> Task :feature:auth:processDebugManifest UP-TO-DATE
> Task :feature:auth:packageDebugResources UP-TO-DATE
> Task :core:model:parseDebugLocalResources UP-TO-DATE
> Task :feature:camera:parseDebugLocalResources UP-TO-DATE
> Task :feature:auth:parseDebugLocalResources UP-TO-DATE
> Task :core:database:parseDebugLocalResources UP-TO-DATE
> Task :core:data:parseDebugLocalResources UP-TO-DATE
> Task :feature:home:parseDebugLocalResources UP-TO-DATE
> Task :feature:identify:parseDebugLocalResources UP-TO-DATE
> Task :core:designsystem:parseDebugLocalResources UP-TO-DATE
> Task :core:model:generateDebugRFile UP-TO-DATE
> Task :feature:auth:generateDebugRFile UP-TO-DATE
> Task :feature:identify:generateDebugRFile UP-TO-DATE
> Task :core:database:generateDebugRFile UP-TO-DATE
> Task :core:designsystem:generateDebugRFile UP-TO-DATE
> Task :feature:camera:generateDebugRFile UP-TO-DATE
> Task :core:data:generateDebugRFile UP-TO-DATE
> Task :feature:home:generateDebugRFile UP-TO-DATE
> Task :feature:camera:javaPreCompileDebug UP-TO-DATE
> Task :core:data:javaPreCompileDebug UP-TO-DATE
> Task :feature:home:javaPreCompileDebug UP-TO-DATE
> Task :feature:identify:javaPreCompileDebug UP-TO-DATE
> Task :feature:auth:mapDebugSourceSetPaths UP-TO-DATE
> Task :core:data:writeDebugAarMetadata UP-TO-DATE
> Task :feature:camera:writeDebugAarMetadata UP-TO-DATE
> Task :feature:home:writeDebugAarMetadata UP-TO-DATE
> Task :feature:identify:writeDebugAarMetadata UP-TO-DATE
> Task :feature:camera:extractDeepLinksDebug UP-TO-DATE
> Task :feature:auth:compileDebugLibraryResources UP-TO-DATE
> Task :feature:home:extractDeepLinksDebug UP-TO-DATE
> Task :feature:identify:extractDeepLinksDebug UP-TO-DATE
> Task :core:data:extractDeepLinksDebug UP-TO-DATE
> Task :feature:auth:generateDebugAssets UP-TO-DATE
> Task :feature:auth:mergeDebugAssets UP-TO-DATE
> Task :feature:camera:processDebugManifest UP-TO-DATE
> Task :core:data:processDebugManifest UP-TO-DATE
> Task :feature:home:processDebugManifest UP-TO-DATE
> Task :feature:identify:processDebugManifest UP-TO-DATE
> Task :feature:camera:mapDebugSourceSetPaths UP-TO-DATE
> Task :core:data:mapDebugSourceSetPaths UP-TO-DATE
> Task :feature:home:mapDebugSourceSetPaths UP-TO-DATE
> Task :feature:camera:compileDebugLibraryResources UP-TO-DATE
> Task :feature:identify:mapDebugSourceSetPaths UP-TO-DATE
> Task :feature:home:compileDebugLibraryResources UP-TO-DATE
> Task :core:data:compileDebugLibraryResources UP-TO-DATE
> Task :feature:camera:generateDebugAssets UP-TO-DATE
> Task :feature:home:generateDebugAssets UP-TO-DATE
> Task :core:data:generateDebugAssets UP-TO-DATE
> Task :feature:identify:compileDebugLibraryResources UP-TO-DATE
> Task :feature:home:mergeDebugAssets UP-TO-DATE
> Task :feature:camera:mergeDebugAssets UP-TO-DATE
> Task :core:data:mergeDebugAssets UP-TO-DATE
> Task :feature:identify:generateDebugAssets UP-TO-DATE
> Task :feature:identify:mergeDebugAssets UP-TO-DATE
> Task :core:database:javaPreCompileDebug UP-TO-DATE
> Task :core:database:writeDebugAarMetadata UP-TO-DATE
> Task :core:database:extractDeepLinksDebug UP-TO-DATE
> Task :core:database:processDebugManifest UP-TO-DATE
> Task :core:database:mapDebugSourceSetPaths UP-TO-DATE
> Task :core:database:compileDebugLibraryResources UP-TO-DATE
> Task :core:database:generateDebugAssets UP-TO-DATE
> Task :core:database:mergeDebugAssets UP-TO-DATE
> Task :core:model:compileDebugKotlin UP-TO-DATE
> Task :core:model:javaPreCompileDebug UP-TO-DATE
> Task :core:model:compileDebugJavaWithJavac NO-SOURCE
> Task :core:model:bundleLibCompileToJarDebug UP-TO-DATE
> Task :core:model:writeDebugAarMetadata UP-TO-DATE
> Task :core:model:extractDeepLinksDebug UP-TO-DATE
> Task :core:model:processDebugManifest UP-TO-DATE
> Task :core:model:mapDebugSourceSetPaths UP-TO-DATE
> Task :core:model:compileDebugLibraryResources UP-TO-DATE
> Task :core:model:generateDebugAssets UP-TO-DATE
> Task :core:model:mergeDebugAssets UP-TO-DATE
> Task :core:model:bundleLibRuntimeToJarDebug UP-TO-DATE
> Task :core:model:processDebugJavaRes UP-TO-DATE
> Task :app:generateDebugLocaleConfig UP-TO-DATE
> Task :core:database:kspDebugKotlin UP-TO-DATE
> Task :app:generateDebugResources UP-TO-DATE
> Task :app:packageDebugResources UP-TO-DATE
> Task :core:designsystem:compileDebugKotlin UP-TO-DATE
> Task :core:designsystem:javaPreCompileDebug UP-TO-DATE
> Task :core:designsystem:compileDebugJavaWithJavac NO-SOURCE
> Task :core:designsystem:bundleLibCompileToJarDebug UP-TO-DATE
> Task :core:database:compileDebugKotlin UP-TO-DATE
> Task :core:database:compileDebugJavaWithJavac NO-SOURCE
> Task :core:database:bundleLibCompileToJarDebug UP-TO-DATE
> Task :core:designsystem:writeDebugAarMetadata UP-TO-DATE
> Task :core:designsystem:extractDeepLinksDebug UP-TO-DATE
> Task :core:designsystem:processDebugManifest UP-TO-DATE
> Task :core:database:bundleLibRuntimeToJarDebug UP-TO-DATE
> Task :core:designsystem:mapDebugSourceSetPaths UP-TO-DATE
> Task :core:database:processDebugJavaRes UP-TO-DATE
> Task :core:designsystem:compileDebugLibraryResources UP-TO-DATE
> Task :core:designsystem:generateDebugAssets UP-TO-DATE
> Task :core:designsystem:mergeDebugAssets UP-TO-DATE
> Task :core:designsystem:bundleLibRuntimeToJarDebug UP-TO-DATE
> Task :core:designsystem:processDebugJavaRes UP-TO-DATE
> Task :feature:home:compileDebugKotlin UP-TO-DATE
> Task :feature:home:compileDebugJavaWithJavac NO-SOURCE
> Task :feature:home:bundleLibCompileToJarDebug UP-TO-DATE
> Task :feature:home:bundleLibRuntimeToJarDebug UP-TO-DATE
> Task :feature:camera:compileDebugKotlin UP-TO-DATE
> Task :feature:home:processDebugJavaRes UP-TO-DATE
> Task :feature:camera:compileDebugJavaWithJavac NO-SOURCE
> Task :feature:camera:bundleLibCompileToJarDebug UP-TO-DATE
> Task :feature:camera:bundleLibRuntimeToJarDebug UP-TO-DATE
> Task :feature:camera:processDebugJavaRes UP-TO-DATE
> Task :app:processDebugNavigationResources UP-TO-DATE
> Task :core:data:compileDebugKotlin UP-TO-DATE
> Task :feature:identify:compileDebugKotlin UP-TO-DATE
> Task :app:parseDebugLocalResources UP-TO-DATE
> Task :feature:identify:compileDebugJavaWithJavac NO-SOURCE
> Task :core:data:compileDebugJavaWithJavac NO-SOURCE
> Task :feature:identify:bundleLibCompileToJarDebug UP-TO-DATE
> Task :core:data:bundleLibCompileToJarDebug UP-TO-DATE
> Task :app:generateDebugRFile UP-TO-DATE
> Task :feature:identify:bundleLibRuntimeToJarDebug UP-TO-DATE
> Task :app:javaPreCompileDebug UP-TO-DATE
> Task :core:data:bundleLibRuntimeToJarDebug UP-TO-DATE
> Task :core:data:processDebugJavaRes UP-TO-DATE
> Task :feature:identify:processDebugJavaRes UP-TO-DATE
> Task :app:checkDebugAarMetadata UP-TO-DATE
> Task :app:compileDebugNavigationResources UP-TO-DATE
> Task :feature:auth:compileDebugKotlin UP-TO-DATE
> Task :feature:auth:compileDebugJavaWithJavac UP-TO-DATE
> Task :feature:auth:bundleLibCompileToJarDebug UP-TO-DATE
> Task :feature:auth:bundleLibRuntimeToJarDebug UP-TO-DATE
> Task :feature:auth:processDebugJavaRes UP-TO-DATE
> Task :app:mergeDebugResources UP-TO-DATE
> Task :app:compileDebugKotlin UP-TO-DATE
> Task :app:compileDebugJavaWithJavac UP-TO-DATE
> Task :app:createDebugCompatibleScreenManifests UP-TO-DATE
> Task :app:extractDeepLinksDebug UP-TO-DATE
> Task :app:processDebugMainManifest UP-TO-DATE
> Task :app:processDebugManifest UP-TO-DATE
> Task :app:processDebugManifestForPackage UP-TO-DATE
> Task :app:processDebugResources UP-TO-DATE
> Task :app:bundleDebugClassesToRuntimeJar UP-TO-DATE
> Task :app:bundleDebugClassesToCompileJar UP-TO-DATE
> Task :app:preDebugUnitTestBuild UP-TO-DATE
> Task :app:compileDebugUnitTestKotlin UP-TO-DATE
> Task :app:javaPreCompileDebugUnitTest UP-TO-DATE
> Task :app:compileDebugUnitTestJavaWithJavac NO-SOURCE
> Task :app:generateDebugAssets UP-TO-DATE
> Task :app:mergeDebugAssets UP-TO-DATE
> Task :app:packageDebugUnitTestForUnitTest UP-TO-DATE
> Task :app:mergeDebugUnitTestManifest UP-TO-DATE
> Task :app:processDebugUnitTestManifest UP-TO-DATE
> Task :app:generateDebugUnitTestConfig UP-TO-DATE
> Task :app:koverFindJar UP-TO-DATE
> Task :app:processDebugJavaRes UP-TO-DATE
> Task :app:processDebugUnitTestJavaRes UP-TO-DATE

> Task :app:testDebugUnitTest FAILED

DebugIdentificationGatewayTest > success fixture returns confidence-descending top three FAILED
    java.lang.AssertionError at DebugIdentificationGatewayTest.kt:26

1 test completed, 1 failed

FAILURE: Build failed with an exception.

* What went wrong:
Execution failed for task ':app:testDebugUnitTest'.
> There were failing tests. See the report at: file:///Users/yeoreum/Documents/Planterior_Helper-worktrees/todo7-runtime-fixes/app/build/reports/tests/testDebugUnitTest/index.html

* Try:
> Run with --scan to get full insights from a Build Scan (powered by Develocity).

BUILD FAILED in 8s
173 actionable tasks: 1 executed, 172 up-to-date
