To honour the JVM settings for this build a single-use Daemon process will be forked. For more on this, please refer to https://docs.gradle.org/9.7.0/userguide/gradle_daemon.html#sec:disabling_the_daemon in the Gradle documentation.
Daemon will be stopped at the end of the build
> Task :core:data:preBuild UP-TO-DATE
> Task :feature:identify:preBuild UP-TO-DATE
> Task :feature:home:preBuild UP-TO-DATE
> Task :feature:camera:preBuild UP-TO-DATE
> Task :core:designsystem:preBuild UP-TO-DATE
> Task :core:model:preBuild UP-TO-DATE
> Task :feature:auth:preBuild UP-TO-DATE
> Task :app:preBuild UP-TO-DATE
> Task :core:database:preBuild UP-TO-DATE
> Task :core:database:preDebugBuild UP-TO-DATE
> Task :core:data:preDebugBuild UP-TO-DATE
> Task :core:model:preDebugBuild UP-TO-DATE
> Task :core:designsystem:preDebugBuild UP-TO-DATE
> Task :feature:camera:preDebugBuild UP-TO-DATE
> Task :feature:identify:preDebugBuild UP-TO-DATE
> Task :feature:auth:preDebugBuild UP-TO-DATE
> Task :app:preDebugBuild UP-TO-DATE
> Task :feature:home:preDebugBuild UP-TO-DATE
> Task :feature:camera:extractDebugSupportedLocales UP-TO-DATE
> Task :core:model:generateDebugResources UP-TO-DATE
> Task :feature:home:extractDebugSupportedLocales UP-TO-DATE
> Task :core:designsystem:generateDebugResources UP-TO-DATE
> Task :feature:identify:generateDebugResources UP-TO-DATE
> Task :core:data:extractDebugSupportedLocales UP-TO-DATE
> Task :core:database:extractDebugSupportedLocales UP-TO-DATE
> Task :feature:auth:extractDebugSupportedLocales UP-TO-DATE
> Task :app:generateDebugBuildConfig UP-TO-DATE
> Task :core:data:processDebugNavigationResources UP-TO-DATE
> Task :feature:auth:processDebugNavigationResources UP-TO-DATE
> Task :core:database:processDebugNavigationResources UP-TO-DATE
> Task :feature:camera:processDebugNavigationResources UP-TO-DATE
> Task :app:extractDebugSupportedLocales UP-TO-DATE
> Task :feature:home:processDebugNavigationResources UP-TO-DATE
> Task :core:data:generateDebugResources UP-TO-DATE
> Task :feature:auth:generateDebugBuildConfig UP-TO-DATE
> Task :core:database:generateDebugResources UP-TO-DATE
> Task :app:mapDebugSourceSetPaths UP-TO-DATE
> Task :feature:camera:generateDebugResources UP-TO-DATE
> Task :feature:auth:generateDebugResources UP-TO-DATE
> Task :feature:home:generateDebugResources UP-TO-DATE
> Task :app:generateDebugResources UP-TO-DATE
> Task :app:javaPreCompileDebug UP-TO-DATE
> Task :app:createDebugCompatibleScreenManifests UP-TO-DATE
> Task :app:extractDeepLinksDebug UP-TO-DATE
> Task :app:preDebugUnitTestBuild UP-TO-DATE
> Task :feature:home:packageDebugResources UP-TO-DATE
> Task :feature:camera:packageDebugResources UP-TO-DATE
> Task :core:database:packageDebugResources UP-TO-DATE
> Task :core:designsystem:packageDebugResources UP-TO-DATE
> Task :core:data:packageDebugResources UP-TO-DATE
> Task :feature:identify:packageDebugResources UP-TO-DATE
> Task :feature:auth:packageDebugResources UP-TO-DATE
> Task :core:model:packageDebugResources UP-TO-DATE
> Task :app:javaPreCompileDebugUnitTest UP-TO-DATE
> Task :core:designsystem:processDebugNavigationResources UP-TO-DATE
> Task :app:generateDebugAssets UP-TO-DATE
> Task :feature:identify:processDebugNavigationResources UP-TO-DATE
> Task :core:model:processDebugNavigationResources UP-TO-DATE
> Task :app:koverFindJar UP-TO-DATE
> Task :feature:camera:parseDebugLocalResources UP-TO-DATE
> Task :core:designsystem:parseDebugLocalResources UP-TO-DATE
> Task :core:model:parseDebugLocalResources UP-TO-DATE
> Task :core:database:parseDebugLocalResources UP-TO-DATE
> Task :core:data:parseDebugLocalResources UP-TO-DATE
> Task :feature:auth:parseDebugLocalResources UP-TO-DATE
> Task :feature:identify:parseDebugLocalResources UP-TO-DATE
> Task :feature:home:parseDebugLocalResources UP-TO-DATE
> Task :feature:camera:generateDebugRFile UP-TO-DATE
> Task :feature:auth:generateDebugRFile UP-TO-DATE
> Task :core:data:generateDebugRFile UP-TO-DATE
> Task :feature:identify:generateDebugRFile UP-TO-DATE
> Task :core:database:generateDebugRFile UP-TO-DATE
> Task :core:designsystem:generateDebugRFile UP-TO-DATE
> Task :core:model:generateDebugRFile UP-TO-DATE
> Task :feature:home:generateDebugRFile UP-TO-DATE
> Task :feature:identify:javaPreCompileDebug UP-TO-DATE
> Task :core:data:javaPreCompileDebug UP-TO-DATE
> Task :feature:identify:preDebugUnitTestBuild UP-TO-DATE
> Task :feature:auth:javaPreCompileDebug UP-TO-DATE
> Task :feature:home:javaPreCompileDebug UP-TO-DATE
> Task :feature:camera:javaPreCompileDebug UP-TO-DATE
> Task :core:data:writeDebugAarMetadata UP-TO-DATE
> Task :feature:identify:writeDebugAarMetadata UP-TO-DATE
> Task :feature:home:writeDebugAarMetadata UP-TO-DATE
> Task :feature:camera:writeDebugAarMetadata UP-TO-DATE
> Task :feature:auth:writeDebugAarMetadata UP-TO-DATE
> Task :feature:camera:extractDeepLinksDebug UP-TO-DATE
> Task :feature:home:extractDeepLinksDebug UP-TO-DATE
> Task :feature:auth:extractDeepLinksDebug UP-TO-DATE
> Task :core:data:extractDeepLinksDebug UP-TO-DATE
> Task :feature:identify:mapDebugSourceSetPaths UP-TO-DATE
> Task :feature:identify:compileDebugLibraryResources UP-TO-DATE
> Task :feature:camera:processDebugManifest UP-TO-DATE
> Task :feature:identify:mapDebugUnitTestSourceSetPaths UP-TO-DATE
> Task :feature:home:processDebugManifest UP-TO-DATE
> Task :feature:auth:processDebugManifest UP-TO-DATE
> Task :core:data:processDebugManifest UP-TO-DATE
> Task :feature:auth:mapDebugSourceSetPaths UP-TO-DATE
> Task :core:data:mapDebugSourceSetPaths UP-TO-DATE
> Task :feature:auth:compileDebugLibraryResources UP-TO-DATE
> Task :feature:auth:generateDebugAssets UP-TO-DATE
> Task :core:data:compileDebugLibraryResources UP-TO-DATE
> Task :core:data:generateDebugAssets UP-TO-DATE
> Task :feature:auth:mergeDebugAssets UP-TO-DATE
> Task :core:data:mergeDebugAssets UP-TO-DATE
> Task :feature:home:mapDebugSourceSetPaths UP-TO-DATE
> Task :feature:identify:generateDebugUnitTestResources UP-TO-DATE
> Task :feature:home:compileDebugLibraryResources UP-TO-DATE
> Task :feature:home:generateDebugAssets UP-TO-DATE
> Task :feature:camera:mapDebugSourceSetPaths UP-TO-DATE
> Task :feature:home:mergeDebugAssets UP-TO-DATE
> Task :feature:camera:compileDebugLibraryResources UP-TO-DATE
> Task :feature:camera:generateDebugAssets UP-TO-DATE
> Task :feature:camera:mergeDebugAssets UP-TO-DATE
> Task :core:database:javaPreCompileDebug UP-TO-DATE
> Task :core:database:writeDebugAarMetadata UP-TO-DATE
> Task :core:database:extractDeepLinksDebug UP-TO-DATE
> Task :core:database:processDebugManifest UP-TO-DATE
> Task :core:database:mapDebugSourceSetPaths UP-TO-DATE
> Task :core:database:compileDebugLibraryResources UP-TO-DATE
> Task :core:database:generateDebugAssets UP-TO-DATE
> Task :core:database:mergeDebugAssets UP-TO-DATE
> Task :core:model:compileDebugKotlin UP-TO-DATE
> Task :core:model:javaPreCompileDebug UP-TO-DATE
> Task :core:model:compileDebugJavaWithJavac NO-SOURCE
> Task :core:model:bundleLibRuntimeToJarDebug UP-TO-DATE
> Task :core:model:processDebugJavaRes UP-TO-DATE
> Task :core:model:bundleLibCompileToJarDebug UP-TO-DATE
> Task :core:model:mapDebugSourceSetPaths UP-TO-DATE
> Task :core:model:compileDebugLibraryResources UP-TO-DATE
> Task :feature:camera:mergeDebugJniLibFolders
> Task :feature:home:mergeDebugJniLibFolders
> Task :feature:auth:mergeDebugJniLibFolders
> Task :core:data:mergeDebugJniLibFolders
> Task :core:model:writeDebugAarMetadata UP-TO-DATE
> Task :feature:camera:mergeDebugNativeLibs NO-SOURCE
> Task :core:model:extractDeepLinksDebug UP-TO-DATE
> Task :core:data:mergeDebugNativeLibs NO-SOURCE
> Task :feature:home:mergeDebugNativeLibs NO-SOURCE
> Task :core:database:mergeDebugJniLibFolders
> Task :core:model:processDebugManifest UP-TO-DATE
> Task :core:model:generateDebugAssets UP-TO-DATE
> Task :feature:auth:mergeDebugNativeLibs NO-SOURCE
> Task :core:model:mergeDebugAssets UP-TO-DATE
> Task :core:model:extractDebugSupportedLocales UP-TO-DATE
> Task :feature:home:copyDebugJniLibsProjectOnly
> Task :feature:auth:copyDebugJniLibsProjectOnly
> Task :core:data:copyDebugJniLibsProjectOnly
> Task :feature:camera:copyDebugJniLibsProjectOnly
> Task :core:model:mergeDebugJniLibFolders
> Task :core:model:mergeDebugNativeLibs NO-SOURCE
> Task :core:model:copyDebugJniLibsProjectOnly
> Task :core:model:bundleLibRuntimeToDirDebug
> Task :core:database:kspDebugKotlin UP-TO-DATE
> Task :core:database:compileDebugKotlin UP-TO-DATE
> Task :core:database:compileDebugJavaWithJavac NO-SOURCE
> Task :core:designsystem:compileDebugKotlin UP-TO-DATE
> Task :core:database:bundleLibCompileToJarDebug UP-TO-DATE
> Task :core:designsystem:javaPreCompileDebug UP-TO-DATE
> Task :core:database:bundleLibRuntimeToJarDebug UP-TO-DATE
> Task :core:designsystem:compileDebugJavaWithJavac NO-SOURCE
> Task :core:designsystem:bundleLibRuntimeToJarDebug UP-TO-DATE
> Task :core:designsystem:processDebugJavaRes UP-TO-DATE
> Task :core:database:processDebugJavaRes UP-TO-DATE
> Task :core:designsystem:bundleLibCompileToJarDebug UP-TO-DATE
> Task :core:designsystem:mapDebugSourceSetPaths UP-TO-DATE
> Task :core:database:mergeDebugNativeLibs NO-SOURCE
> Task :core:designsystem:compileDebugLibraryResources UP-TO-DATE
> Task :core:designsystem:writeDebugAarMetadata UP-TO-DATE
> Task :core:database:copyDebugJniLibsProjectOnly
> Task :core:designsystem:extractDeepLinksDebug UP-TO-DATE
> Task :core:designsystem:processDebugManifest UP-TO-DATE
> Task :core:designsystem:generateDebugAssets UP-TO-DATE
> Task :core:designsystem:mergeDebugAssets UP-TO-DATE
> Task :core:designsystem:extractDebugSupportedLocales UP-TO-DATE
> Task :core:designsystem:mergeDebugJniLibFolders
> Task :core:designsystem:mergeDebugNativeLibs NO-SOURCE
> Task :core:designsystem:copyDebugJniLibsProjectOnly
> Task :core:designsystem:bundleLibRuntimeToDirDebug
> Task :core:database:bundleLibRuntimeToDirDebug
> Task :feature:home:compileDebugKotlin UP-TO-DATE
> Task :feature:home:compileDebugJavaWithJavac NO-SOURCE
> Task :feature:home:bundleLibCompileToJarDebug UP-TO-DATE
> Task :feature:home:bundleLibRuntimeToJarDebug UP-TO-DATE
> Task :feature:home:processDebugJavaRes UP-TO-DATE
> Task :feature:home:bundleLibRuntimeToDirDebug
> Task :core:data:compileDebugKotlin UP-TO-DATE
> Task :core:data:compileDebugJavaWithJavac NO-SOURCE
> Task :core:data:bundleLibCompileToJarDebug UP-TO-DATE
> Task :core:data:bundleLibRuntimeToJarDebug UP-TO-DATE
> Task :core:data:processDebugJavaRes UP-TO-DATE
> Task :core:data:bundleLibRuntimeToDirDebug
> Task :feature:camera:compileDebugKotlin UP-TO-DATE
> Task :feature:identify:mergeDebugUnitTestResources UP-TO-DATE
> Task :feature:camera:compileDebugJavaWithJavac NO-SOURCE
> Task :feature:camera:bundleLibCompileToJarDebug UP-TO-DATE
> Task :feature:camera:bundleLibRuntimeToJarDebug UP-TO-DATE
> Task :feature:camera:processDebugJavaRes UP-TO-DATE
> Task :app:processDebugNavigationResources UP-TO-DATE
> Task :feature:camera:bundleLibRuntimeToDirDebug
> Task :feature:auth:compileDebugKotlin UP-TO-DATE
> Task :feature:identify:compileDebugKotlin UP-TO-DATE
> Task :feature:identify:compileDebugJavaWithJavac NO-SOURCE
> Task :feature:identify:bundleLibRuntimeToJarDebug UP-TO-DATE
> Task :feature:identify:bundleLibCompileToJarDebug UP-TO-DATE
> Task :feature:auth:compileDebugJavaWithJavac UP-TO-DATE
> Task :feature:auth:bundleLibCompileToJarDebug UP-TO-DATE
> Task :feature:auth:bundleLibRuntimeToJarDebug UP-TO-DATE
> Task :feature:auth:processDebugJavaRes UP-TO-DATE
> Task :app:checkDebugAarMetadata UP-TO-DATE
> Task :app:compileDebugNavigationResources UP-TO-DATE
> Task :app:mergeDebugNativeDebugMetadata NO-SOURCE
> Task :app:generateDebugGlobalSynthetics FROM-CACHE
> Task :feature:auth:bundleLibRuntimeToDirDebug
> Task :feature:identify:checkDebugUnitTestAarMetadata UP-TO-DATE
> Task :feature:identify:extractDeepLinksDebug UP-TO-DATE
> Task :feature:identify:processDebugManifest UP-TO-DATE
> Task :feature:identify:mergeDebugUnitTestManifest UP-TO-DATE
> Task :feature:identify:processDebugUnitTestManifest UP-TO-DATE
> Task :app:checkDebugDuplicateClasses
> Task :app:processDebugMainManifest UP-TO-DATE
> Task :app:processDebugManifest UP-TO-DATE
> Task :app:processDebugManifestForPackage UP-TO-DATE
> Task :feature:identify:processDebugUnitTestResources UP-TO-DATE
> Task :app:mergeDebugUnitTestManifest UP-TO-DATE
> Task :app:processDebugUnitTestManifest UP-TO-DATE
> Task :app:desugarDebugFileDependencies FROM-CACHE
> Task :feature:identify:compileDebugUnitTestKotlin UP-TO-DATE
> Task :feature:identify:javaPreCompileDebugUnitTest UP-TO-DATE
> Task :feature:identify:compileDebugUnitTestJavaWithJavac NO-SOURCE
> Task :feature:identify:generateDebugUnitTestAssets UP-TO-DATE
> Task :feature:identify:generateDebugAssets UP-TO-DATE
> Task :feature:identify:mergeDebugAssets UP-TO-DATE
> Task :feature:identify:mergeDebugUnitTestAssets UP-TO-DATE
> Task :feature:identify:packageDebugUnitTestForUnitTest UP-TO-DATE
> Task :feature:identify:generateDebugUnitTestConfig UP-TO-DATE
> Task :feature:identify:processDebugJavaRes UP-TO-DATE
> Task :feature:identify:processDebugUnitTestJavaRes UP-TO-DATE
> Task :app:mergeExtDexDebug FROM-CACHE
> Task :app:mergeDebugAssets UP-TO-DATE
> Task :app:compressDebugAssets FROM-CACHE
> Task :app:mergeDebugJniLibFolders
> Task :app:validateSigningDebug
> Task :app:writeDebugAppMetadata
> Task :app:writeDebugSigningConfigVersions
> Task :app:preDebugAndroidTestBuild SKIPPED
> Task :app:mergeDebugAndroidTestManifest
> Task :app:processDebugAndroidTestManifest
> Task :app:generateDebugAndroidTestBuildConfig FROM-CACHE
> Task :app:generateDebugAndroidTestResources FROM-CACHE
> Task :app:packageDebugAndroidTestResources FROM-CACHE
> Task :app:processDebugAndroidTestNavigationResources FROM-CACHE
> Task :app:parseDebugAndroidTestLocalResources FROM-CACHE
> Task :app:generateDebugAndroidTestRFile FROM-CACHE
> Task :app:javaPreCompileDebugAndroidTest FROM-CACHE
> Task :app:generateDebugAndroidTestAssets UP-TO-DATE
> Task :app:mergeDebugAndroidTestAssets
> Task :app:compressDebugAndroidTestAssets FROM-CACHE
> Task :app:generateDebugAndroidTestGlobalSynthetics FROM-CACHE
> Task :app:desugarDebugAndroidTestFileDependencies FROM-CACHE
> Task :app:checkDebugAndroidTestDuplicateClasses
> Task :app:checkDebugAndroidTestAarMetadata
> Task :app:mergeExtDexDebugAndroidTest FROM-CACHE
> Task :app:mapDebugAndroidTestSourceSetPaths
> Task :app:compileDebugAndroidTestNavigationResources FROM-CACHE
> Task :app:mergeDebugAndroidTestResources FROM-CACHE
> Task :app:processDebugAndroidTestResources FROM-CACHE
> Task :app:mergeDebugAndroidTestJniLibFolders
> Task :app:validateSigningDebugAndroidTest
> Task :app:writeDebugAndroidTestSigningConfigVersions
> Task :feature:identify:testDebugUnitTest
> Task :feature:identify:extractDebugSupportedLocales UP-TO-DATE
> Task :app:generateDebugLocaleConfig UP-TO-DATE
> Task :feature:identify:mergeDebugJniLibFolders
> Task :app:packageDebugResources UP-TO-DATE
> Task :feature:identify:mergeDebugNativeLibs NO-SOURCE
> Task :app:parseDebugLocalResources UP-TO-DATE
> Task :feature:identify:copyDebugJniLibsProjectOnly
> Task :app:generateDebugRFile UP-TO-DATE
> Task :feature:identify:bundleLibRuntimeToDirDebug
> Task :app:compileDebugKotlin UP-TO-DATE
> Task :app:compileDebugJavaWithJavac UP-TO-DATE
> Task :app:mergeDebugResources UP-TO-DATE
> Task :app:processDebugResources UP-TO-DATE
> Task :app:bundleDebugClassesToRuntimeJar UP-TO-DATE
> Task :app:bundleDebugClassesToCompileJar UP-TO-DATE
> Task :app:compileDebugUnitTestKotlin UP-TO-DATE
> Task :app:compileDebugUnitTestJavaWithJavac NO-SOURCE
> Task :app:packageDebugUnitTestForUnitTest UP-TO-DATE
> Task :app:generateDebugUnitTestConfig UP-TO-DATE
> Task :app:processDebugJavaRes UP-TO-DATE
> Task :app:processDebugUnitTestJavaRes UP-TO-DATE
> Task :app:testDebugUnitTest
> Task :app:mergeLibDexDebug
> Task :app:dexBuilderDebug
> Task :app:mergeDebugNativeLibs
> Task :app:mergeProjectDexDebug
> Task :app:mergeLibDexDebugAndroidTest FROM-CACHE

> Task :app:stripDebugDebugSymbols
Unable to strip the following libraries, packaging them as they are: libandroidx.graphics.path.so, libdatastore_shared_counter.so, libimage_processing_util_jni.so, libsurface_util_jni.so. Run with --info option to learn more.

> Task :app:mergeDebugAndroidTestNativeLibs NO-SOURCE
> Task :app:stripDebugAndroidTestDebugSymbols NO-SOURCE
> Task :app:mergeDebugJavaResource
> Task :app:packageDebug
> Task :app:createDebugApkListingFileRedirect
> Task :app:assembleDebug

> Task :app:compileDebugAndroidTestKotlin
w: file:///Users/yeoreum/Documents/Planterior_Helper-worktrees/todo7-runtime-fixes/app/src/androidTest/kotlin/com/planterior/helper/HomeMainActivityTest.kt:73:44 'fun <reified A : ComponentActivity> createAndroidComposeRule(effectContext: CoroutineContext = ...): AndroidComposeTestRule<ActivityScenarioRule<A>, A>' is deprecated. Use `androidx.compose.ui.test.junit4.v2.createAndroidComposeRule` instead. The v2 APIs use StandardTestDispatcher instead of UnconfinedTestDispatcher, which aligns with standard coroutine behavior by queuing tasks rather than executing them immediately. Tests relying on immediate execution may require explicit synchronization. Please refer to the migration guide for more details.
w: file:///Users/yeoreum/Documents/Planterior_Helper-worktrees/todo7-runtime-fixes/app/src/androidTest/kotlin/com/planterior/helper/IdentificationMainActivityTest.kt:30:29 'fun <reified A : ComponentActivity> createAndroidComposeRule(effectContext: CoroutineContext = ...): AndroidComposeTestRule<ActivityScenarioRule<A>, A>' is deprecated. Use `androidx.compose.ui.test.junit4.v2.createAndroidComposeRule` instead. The v2 APIs use StandardTestDispatcher instead of UnconfinedTestDispatcher, which aligns with standard coroutine behavior by queuing tasks rather than executing them immediately. Tests relying on immediate execution may require explicit synchronization. Please refer to the migration guide for more details.

> Task :app:compileDebugAndroidTestJavaWithJavac
> Task :app:processDebugAndroidTestJavaRes
> Task :app:mergeDebugAndroidTestJavaResource
> Task :app:dexBuilderDebugAndroidTest
> Task :app:mergeProjectDexDebugAndroidTest
> Task :app:packageDebugAndroidTest
> Task :app:createDebugAndroidTestApkListingFileRedirect
> Task :app:assembleDebugAndroidTest

[Incubating] Problems report is available at: file:///Users/yeoreum/Documents/Planterior_Helper-worktrees/todo7-runtime-fixes/build/reports/problems/problems-report.html

BUILD SUCCESSFUL in 54s
260 actionable tasks: 56 executed, 19 from cache, 185 up-to-date
Consider enabling configuration cache to speed up this build: https://docs.gradle.org/9.7.0/userguide/configuration_cache_enabling.html
